Archive member included to satisfy reference by file (symbol)

c:/st/stm32cubeide_1.0.1/stm32cubeide/plugins/com.st.stm32cube.ide.mcu.externaltools.gnu-tools-for-stm32.7-2018-q2-update.win32_1.0.0.201904181610/tools/bin/../lib/gcc/arm-none-eabi/7.3.1/../../../../arm-none-eabi/lib/thumb/v7e-m/fpv4-sp/hard\libc_nano.a(lib_a-errno.o)
                              Application/SW4STM32/syscalls.o (__errno)
c:/st/stm32cubeide_1.0.1/stm32cubeide/plugins/com.st.stm32cube.ide.mcu.externaltools.gnu-tools-for-stm32.7-2018-q2-update.win32_1.0.0.201904181610/tools/bin/../lib/gcc/arm-none-eabi/7.3.1/../../../../arm-none-eabi/lib/thumb/v7e-m/fpv4-sp/hard\libc_nano.a(lib_a-exit.o)
                              c:/st/stm32cubeide_1.0.1/stm32cubeide/plugins/com.st.stm32cube.ide.mcu.externaltools.gnu-tools-for-stm32.7-2018-q2-update.win32_1.0.0.201904181610/tools/bin/../lib/gcc/arm-none-eabi/7.3.1/../../../../arm-none-eabi/lib/thumb/v7e-m/fpv4-sp/hard/crt0.o (exit)
c:/st/stm32cubeide_1.0.1/stm32cubeide/plugins/com.st.stm32cube.ide.mcu.externaltools.gnu-tools-for-stm32.7-2018-q2-update.win32_1.0.0.201904181610/tools/bin/../lib/gcc/arm-none-eabi/7.3.1/../../../../arm-none-eabi/lib/thumb/v7e-m/fpv4-sp/hard\libc_nano.a(lib_a-impure.o)
                              c:/st/stm32cubeide_1.0.1/stm32cubeide/plugins/com.st.stm32cube.ide.mcu.externaltools.gnu-tools-for-stm32.7-2018-q2-update.win32_1.0.0.201904181610/tools/bin/../lib/gcc/arm-none-eabi/7.3.1/../../../../arm-none-eabi/lib/thumb/v7e-m/fpv4-sp/hard\libc_nano.a(lib_a-exit.o) (_global_impure_ptr)
c:/st/stm32cubeide_1.0.1/stm32cubeide/plugins/com.st.stm32cube.ide.mcu.externaltools.gnu-tools-for-stm32.7-2018-q2-update.win32_1.0.0.201904181610/tools/bin/../lib/gcc/arm-none-eabi/7.3.1/../../../../arm-none-eabi/lib/thumb/v7e-m/fpv4-sp/hard\libc_nano.a(lib_a-init.o)
                              c:/st/stm32cubeide_1.0.1/stm32cubeide/plugins/com.st.stm32cube.ide.mcu.externaltools.gnu-tools-for-stm32.7-2018-q2-update.win32_1.0.0.201904181610/tools/bin/../lib/gcc/arm-none-eabi/7.3.1/../../../../arm-none-eabi/lib/thumb/v7e-m/fpv4-sp/hard/crt0.o (__libc_init_array)
c:/st/stm32cubeide_1.0.1/stm32cubeide/plugins/com.st.stm32cube.ide.mcu.externaltools.gnu-tools-for-stm32.7-2018-q2-update.win32_1.0.0.201904181610/tools/bin/../lib/gcc/arm-none-eabi/7.3.1/../../../../arm-none-eabi/lib/thumb/v7e-m/fpv4-sp/hard\libc_nano.a(lib_a-memcmp.o)
                              Middlewares/STM32_WPAN/osal.o (memcmp)
c:/st/stm32cubeide_1.0.1/stm32cubeide/plugins/com.st.stm32cube.ide.mcu.externaltools.gnu-tools-for-stm32.7-2018-q2-update.win32_1.0.0.201904181610/tools/bin/../lib/gcc/arm-none-eabi/7.3.1/../../../../arm-none-eabi/lib/thumb/v7e-m/fpv4-sp/hard\libc_nano.a(lib_a-memcpy-stub.o)
                              Middlewares/STM32_WPAN/hci_tl.o (memcpy)
c:/st/stm32cubeide_1.0.1/stm32cubeide/plugins/com.st.stm32cube.ide.mcu.externaltools.gnu-tools-for-stm32.7-2018-q2-update.win32_1.0.0.201904181610/tools/bin/../lib/gcc/arm-none-eabi/7.3.1/../../../../arm-none-eabi/lib/thumb/v7e-m/fpv4-sp/hard\libc_nano.a(lib_a-memset.o)
                              c:/st/stm32cubeide_1.0.1/stm32cubeide/plugins/com.st.stm32cube.ide.mcu.externaltools.gnu-tools-for-stm32.7-2018-q2-update.win32_1.0.0.201904181610/tools/bin/../lib/gcc/arm-none-eabi/7.3.1/../../../../arm-none-eabi/lib/thumb/v7e-m/fpv4-sp/hard/crt0.o (memset)
c:/st/stm32cubeide_1.0.1/stm32cubeide/plugins/com.st.stm32cube.ide.mcu.externaltools.gnu-tools-for-stm32.7-2018-q2-update.win32_1.0.0.201904181610/tools/bin/../lib/gcc/arm-none-eabi/7.3.1/../../../../arm-none-eabi/lib/thumb/v7e-m/fpv4-sp/hard\libc_nano.a(lib_a-printf.o)
                              Application/User/STM32_WPAN/App/app_ble.o (printf)
c:/st/stm32cubeide_1.0.1/stm32cubeide/plugins/com.st.stm32cube.ide.mcu.externaltools.gnu-tools-for-stm32.7-2018-q2-update.win32_1.0.0.201904181610/tools/bin/../lib/gcc/arm-none-eabi/7.3.1/../../../../arm-none-eabi/lib/thumb/v7e-m/fpv4-sp/hard\libc_nano.a(lib_a-putchar.o)
                              Application/User/STM32_WPAN/App/p2p_client_app.o (putchar)
c:/st/stm32cubeide_1.0.1/stm32cubeide/plugins/com.st.stm32cube.ide.mcu.externaltools.gnu-tools-for-stm32.7-2018-q2-update.win32_1.0.0.201904181610/tools/bin/../lib/gcc/arm-none-eabi/7.3.1/../../../../arm-none-eabi/lib/thumb/v7e-m/fpv4-sp/hard\libc_nano.a(lib_a-puts.o)
                              Application/User/STM32_WPAN/App/app_ble.o (puts)
c:/st/stm32cubeide_1.0.1/stm32cubeide/plugins/com.st.stm32cube.ide.mcu.externaltools.gnu-tools-for-stm32.7-2018-q2-update.win32_1.0.0.201904181610/tools/bin/../lib/gcc/arm-none-eabi/7.3.1/../../../../arm-none-eabi/lib/thumb/v7e-m/fpv4-sp/hard\libc_nano.a(lib_a-strlen.o)
                              Application/User/STM32_WPAN/App/app_ble.o (strlen)
[...]
Memory Configuration

Name             Origin             Length             Attributes
FLASH            0x0000000008000000 0x0000000000080000 xr
RAM1             0x0000000020000004 0x000000000002fffc xrw
RAM_SHARED       0x0000000020030000 0x0000000000002800 xrw
*default*        0x0000000000000000 0xffffffffffffffff

Linker script and memory map

LOAD c:/st/stm32cubeide_1.0.1/stm32cubeide/plugins/com.st.stm32cube.ide.mcu.externaltools.gnu-tools-for-stm32.7-2018-q2-update.win32_1.0.0.201904181610/tools/bin/../lib/gcc/arm-none-eabi/7.3.1/thumb/v7e-m/fpv4-sp/hard/crti.o
LOAD c:/st/stm32cubeide_1.0.1/stm32cubeide/plugins/com.st.stm32cube.ide.mcu.externaltools.gnu-tools-for-stm32.7-2018-q2-update.win32_1.0.0.201904181610/tools/bin/../lib/gcc/arm-none-eabi/7.3.1/thumb/v7e-m/fpv4-sp/hard/crtbegin.o
LOAD c:/st/stm32cubeide_1.0.1/stm32cubeide/plugins/com.st.stm32cube.ide.mcu.externaltools.gnu-tools-for-stm32.7-2018-q2-update.win32_1.0.0.201904181610/tools/bin/../lib/gcc/arm-none-eabi/7.3.1/../../../../arm-none-eabi/lib/thumb/v7e-m/fpv4-sp/hard/crt0.o
LOAD Application/SW4STM32/startup_stm32wb55xx_cm4.o
LOAD Application/SW4STM32/syscalls.o
LOAD Application/User/Core/app_entry.o
LOAD Application/User/Core/hw_timerserver.o
LOAD Application/User/Core/hw_uart.o
LOAD Application/User/Core/main.o
LOAD Application/User/Core/stm32_lpm_if.o
LOAD Application/User/Core/stm32wbxx_hal_msp.o
LOAD Application/User/Core/stm32wbxx_it.o
LOAD Application/User/STM32_WPAN/App/app_ble.o
LOAD Application/User/STM32_WPAN/App/p2p_client_app.o
LOAD Application/User/STM32_WPAN/Target/hw_ipcc.o
LOAD Drivers/BSP/P-NUCLEO-WB55.Nucleo/stm32wbxx_nucleo.o
LOAD Drivers/CMSIS/system_stm32wbxx.o
LOAD Drivers/STM32WBxx_HAL_Driver/stm32wbxx_hal.o
LOAD Drivers/STM32WBxx_HAL_Driver/stm32wbxx_hal_cortex.o
LOAD Drivers/STM32WBxx_HAL_Driver/stm32wbxx_hal_dma.o
LOAD Drivers/STM32WBxx_HAL_Driver/stm32wbxx_hal_dma_ex.o
LOAD Drivers/STM32WBxx_HAL_Driver/stm32wbxx_hal_flash.o
LOAD Drivers/STM32WBxx_HAL_Driver/stm32wbxx_hal_flash_ex.o
LOAD Drivers/STM32WBxx_HAL_Driver/stm32wbxx_hal_gpio.o
LOAD Drivers/STM32WBxx_HAL_Driver/stm32wbxx_hal_hsem.o
LOAD Drivers/STM32WBxx_HAL_Driver/stm32wbxx_hal_ipcc.o
LOAD Drivers/STM32WBxx_HAL_Driver/stm32wbxx_hal_pwr.o
LOAD Drivers/STM32WBxx_HAL_Driver/stm32wbxx_hal_pwr_ex.o
LOAD Drivers/STM32WBxx_HAL_Driver/stm32wbxx_hal_rcc.o
LOAD Drivers/STM32WBxx_HAL_Driver/stm32wbxx_hal_rcc_ex.o
LOAD Drivers/STM32WBxx_HAL_Driver/stm32wbxx_hal_rtc.o
LOAD Drivers/STM32WBxx_HAL_Driver/stm32wbxx_hal_rtc_ex.o
LOAD Drivers/STM32WBxx_HAL_Driver/stm32wbxx_hal_tim.o
LOAD Drivers/STM32WBxx_HAL_Driver/stm32wbxx_hal_tim_ex.o
LOAD Drivers/STM32WBxx_HAL_Driver/stm32wbxx_hal_uart.o
LOAD Drivers/STM32WBxx_HAL_Driver/stm32wbxx_hal_uart_ex.o
LOAD Middlewares/STM32_WPAN/ble_gap_aci.o
LOAD Middlewares/STM32_WPAN/ble_gatt_aci.o
LOAD Middlewares/STM32_WPAN/ble_hal_aci.o
LOAD Middlewares/STM32_WPAN/ble_hci_le.o
LOAD Middlewares/STM32_WPAN/ble_l2cap_aci.o
LOAD Middlewares/STM32_WPAN/dbg_trace.o
LOAD Middlewares/STM32_WPAN/hci_tl.o
LOAD Middlewares/STM32_WPAN/hci_tl_if.o
LOAD Middlewares/STM32_WPAN/osal.o
LOAD Middlewares/STM32_WPAN/otp.o
LOAD Middlewares/STM32_WPAN/shci.o
LOAD Middlewares/STM32_WPAN/shci_tl.o
LOAD Middlewares/STM32_WPAN/shci_tl_if.o
LOAD Middlewares/STM32_WPAN/stm_list.o
LOAD Middlewares/STM32_WPAN/stm_queue.o
LOAD Middlewares/STM32_WPAN/svc_ctl.o
LOAD Middlewares/STM32_WPAN/tl_mbox.o
LOAD Utilities/stm32_lpm.o
LOAD Utilities/stm32_seq.o
START GROUP
LOAD c:/st/stm32cubeide_1.0.1/stm32cubeide/plugins/com.st.stm32cube.ide.mcu.externaltools.gnu-tools-for-stm32.7-2018-q2-update.win32_1.0.0.201904181610/tools/bin/../lib/gcc/arm-none-eabi/7.3.1/../../../../arm-none-eabi/lib/thumb/v7e-m/fpv4-sp/hard\libc_nano.a
LOAD c:/st/stm32cubeide_1.0.1/stm32cubeide/plugins/com.st.stm32cube.ide.mcu.externaltools.gnu-tools-for-stm32.7-2018-q2-update.win32_1.0.0.201904181610/tools/bin/../lib/gcc/arm-none-eabi/7.3.1/../../../../arm-none-eabi/lib/thumb/v7e-m/fpv4-sp/hard\libm.a
END GROUP
START GROUP
LOAD c:/st/stm32cubeide_1.0.1/stm32cubeide/plugins/com.st.stm32cube.ide.mcu.externaltools.gnu-tools-for-stm32.7-2018-q2-update.win32_1.0.0.201904181610/tools/bin/../lib/gcc/arm-none-eabi/7.3.1/thumb/v7e-m/fpv4-sp/hard\libgcc.a
LOAD c:/st/stm32cubeide_1.0.1/stm32cubeide/plugins/com.st.stm32cube.ide.mcu.externaltools.gnu-tools-for-stm32.7-2018-q2-update.win32_1.0.0.201904181610/tools/bin/../lib/gcc/arm-none-eabi/7.3.1/../../../../arm-none-eabi/lib/thumb/v7e-m/fpv4-sp/hard\libc_nano.a
END GROUP
START GROUP
LOAD c:/st/stm32cubeide_1.0.1/stm32cubeide/plugins/com.st.stm32cube.ide.mcu.externaltools.gnu-tools-for-stm32.7-2018-q2-update.win32_1.0.0.201904181610/tools/bin/../lib/gcc/arm-none-eabi/7.3.1/thumb/v7e-m/fpv4-sp/hard\libgcc.a
LOAD c:/st/stm32cubeide_1.0.1/stm32cubeide/plugins/com.st.stm32cube.ide.mcu.externaltools.gnu-tools-for-stm32.7-2018-q2-update.win32_1.0.0.201904181610/tools/bin/../lib/gcc/arm-none-eabi/7.3.1/../../../../arm-none-eabi/lib/thumb/v7e-m/fpv4-sp/hard\libc_nano.a
LOAD c:/st/stm32cubeide_1.0.1/stm32cubeide/plugins/com.st.stm32cube.ide.mcu.externaltools.gnu-tools-for-stm32.7-2018-q2-update.win32_1.0.0.201904181610/tools/bin/../lib/gcc/arm-none-eabi/7.3.1/../../../../arm-none-eabi/lib/thumb/v7e-m/fpv4-sp/hard\libnosys.a
END GROUP
START GROUP
LOAD c:/st/stm32cubeide_1.0.1/stm32cubeide/plugins/com.st.stm32cube.ide.mcu.externaltools.gnu-tools-for-stm32.7-2018-q2-update.win32_1.0.0.201904181610/tools/bin/../lib/gcc/arm-none-eabi/7.3.1/thumb/v7e-m/fpv4-sp/hard\libgcc.a
LOAD c:/st/stm32cubeide_1.0.1/stm32cubeide/plugins/com.st.stm32cube.ide.mcu.externaltools.gnu-tools-for-stm32.7-2018-q2-update.win32_1.0.0.201904181610/tools/bin/../lib/gcc/arm-none-eabi/7.3.1/../../../../arm-none-eabi/lib/thumb/v7e-m/fpv4-sp/hard\libc_nano.a
LOAD c:/st/stm32cubeide_1.0.1/stm32cubeide/plugins/com.st.stm32cube.ide.mcu.externaltools.gnu-tools-for-stm32.7-2018-q2-update.win32_1.0.0.201904181610/tools/bin/../lib/gcc/arm-none-eabi/7.3.1/../../../../arm-none-eabi/lib/thumb/v7e-m/fpv4-sp/hard\libnosys.a
END GROUP
LOAD c:/st/stm32cubeide_1.0.1/stm32cubeide/plugins/com.st.stm32cube.ide.mcu.externaltools.gnu-tools-for-stm32.7-2018-q2-update.win32_1.0.0.201904181610/tools/bin/../lib/gcc/arm-none-eabi/7.3.1/thumb/v7e-m/fpv4-sp/hard/crtend.o
LOAD c:/st/stm32cubeide_1.0.1/stm32cubeide/plugins/com.st.stm32cube.ide.mcu.externaltools.gnu-tools-for-stm32.7-2018-q2-update.win32_1.0.0.201904181610/tools/bin/../lib/gcc/arm-none-eabi/7.3.1/thumb/v7e-m/fpv4-sp/hard/crtn.o
                0x0000000020030000                _estack = 0x20030000
                0x0000000000000400                _Min_Heap_Size = 0x400
                0x0000000000001000                _Min_Stack_Size = 0x1000

.isr_vector     0x0000000008000000      0x13c
                0x0000000008000000                . = ALIGN (0x4)
 *(.isr_vector)
 .isr_vector    0x0000000008000000      0x13c Application/SW4STM32/startup_stm32wb55xx_cm4.o
                0x0000000008000000                g_pfnVectors
                0x000000000800013c                . = ALIGN (0x4)

.text           0x0000000008000140     0xc054
                0x0000000008000140                . = ALIGN (0x4)
 *(.text)
 .text          0x0000000008000140       0x40 c:/st/stm32cubeide_1.0.1/stm32cubeide/plugins/com.st.stm32cube.ide.mcu.externaltools.gnu-tools-for-stm32.7-2018-q2-update.win32_1.0.0.201904181610/tools/bin/../lib/gcc/arm-none-eabi/7.3.1/thumb/v7e-m/fpv4-sp/hard/crtbegin.o
 .text          0x0000000008000180       0x10 c:/st/stm32cubeide_1.0.1/stm32cubeide/plugins/com.st.stm32cube.ide.mcu.externaltools.gnu-tools-for-stm32.7-2018-q2-update.win32_1.0.0.201904181610/tools/bin/../lib/gcc/arm-none-eabi/7.3.1/../../../../arm-none-eabi/lib/thumb/v7e-m/fpv4-sp/hard\libc_nano.a(lib_a-strlen.o)
                0x0000000008000180                strlen
 .text          0x0000000008000190       0xa0 c:/st/stm32cubeide_1.0.1/stm32cubeide/plugins/com.st.stm32cube.ide.mcu.externaltools.gnu-tools-for-stm32.7-2018-q2-update.win32_1.0.0.201904181610/tools/bin/../lib/gcc/arm-none-eabi/7.3.1/../../../../arm-none-eabi/lib/thumb/v7e-m/fpv4-sp/hard\libc_nano.a(lib_a-memchr.o)
                0x0000000008000190                memchr
 .text          0x0000000008000230       0x30 c:/st/stm32cubeide_1.0.1/stm32cubeide/plugins/com.st.stm32cube.ide.mcu.externaltools.gnu-tools-for-stm32.7-2018-q2-update.win32_1.0.0.201904181610/tools/bin/../lib/gcc/arm-none-eabi/7.3.1/thumb/v7e-m/fpv4-sp/hard\libgcc.a(_aeabi_uldivmod.o)
                0x0000000008000230                __aeabi_uldivmod
 .text          0x0000000008000260      0x2cc c:/st/stm32cubeide_1.0.1/stm32cubeide/plugins/com.st.stm32cube.ide.mcu.externaltools.gnu-tools-for-stm32.7-2018-q2-update.win32_1.0.0.201904181610/tools/bin/../lib/gcc/arm-none-eabi/7.3.1/thumb/v7e-m/fpv4-sp/hard\libgcc.a(_udivmoddi4.o)
                0x0000000008000260                __udivmoddi4
 .text          0x000000000800052c        0x4 c:/st/stm32cubeide_1.0.1/stm32cubeide/plugins/com.st.stm32cube.ide.mcu.externaltools.gnu-tools-for-stm32.7-2018-q2-update.win32_1.0.0.201904181610/tools/bin/../lib/gcc/arm-none-eabi/7.3.1/thumb/v7e-m/fpv4-sp/hard\libgcc.a(_dvmd_tls.o)
                0x000000000800052c                __aeabi_idiv0
                0x000000000800052c                __aeabi_ldiv0
 *(.text*)
 .text.Reset_Handler
                0x0000000008000530       0x50 Application/SW4STM32/startup_stm32wb55xx_cm4.o
                0x0000000008000530                Reset_Handler
 .text.Default_Handler
                0x0000000008000580        0x2 Application/SW4STM32/startup_stm32wb55xx_cm4.o
                0x0000000008000580                RTC_Alarm_IRQHandler
                0x0000000008000580                EXTI2_IRQHandler
                0x0000000008000580                TIM1_CC_IRQHandler
                0x0000000008000580                TSC_IRQHandler
                0x0000000008000580                USB_HP_IRQHandler
                0x0000000008000580                EXTI3_IRQHandler
                0x0000000008000580                LPTIM2_IRQHandler
                0x0000000008000580                I2C3_ER_IRQHandler
                0x0000000008000580                EXTI0_IRQHandler
                0x0000000008000580                FPU_IRQHandler
                0x0000000008000580                TIM1_UP_TIM16_IRQHandler
                0x0000000008000580                AES1_IRQHandler
                0x0000000008000580                SPI1_IRQHandler
                0x0000000008000580                PWR_SOTF_BLEACT_802ACT_RFPHASE_IRQHandler
                0x0000000008000580                DMA2_Channel2_IRQHandler
                0x0000000008000580                ADC1_IRQHandler
                0x0000000008000580                PKA_IRQHandler
                0x0000000008000580                DMA1_Channel7_IRQHandler
                0x0000000008000580                LCD_IRQHandler
                0x0000000008000580                DMA2_Channel1_IRQHandler
                0x0000000008000580                QUADSPI_IRQHandler
                0x0000000008000580                I2C1_EV_IRQHandler
                0x0000000008000580                DMAMUX1_OVR_IRQHandler
                0x0000000008000580                DMA1_Channel6_IRQHandler
                0x0000000008000580                RCC_IRQHandler
                0x0000000008000580                DMA1_Channel1_IRQHandler
                0x0000000008000580                Default_Handler
                0x0000000008000580                DMA2_Channel7_IRQHandler
                0x0000000008000580                EXTI15_10_IRQHandler
                0x0000000008000580                C2SEV_PWR_C2H_IRQHandler
                0x0000000008000580                AES2_IRQHandler
                0x0000000008000580                I2C3_EV_IRQHandler
                0x0000000008000580                EXTI9_5_IRQHandler
                0x0000000008000580                PVD_PVM_IRQHandler
                0x0000000008000580                SPI2_IRQHandler
                0x0000000008000580                DMA2_Channel5_IRQHandler
                0x0000000008000580                CRS_IRQHandler
                0x0000000008000580                DMA1_Channel5_IRQHandler
                0x0000000008000580                USB_LP_IRQHandler
                0x0000000008000580                RNG_IRQHandler
                0x0000000008000580                TIM1_TRG_COM_TIM17_IRQHandler
                0x0000000008000580                TAMP_STAMP_LSECSS_IRQHandler
                0x0000000008000580                DMA1_Channel3_IRQHandler
                0x0000000008000580                COMP_IRQHandler
                0x0000000008000580                HSEM_IRQHandler
                0x0000000008000580                WWDG_IRQHandler
                0x0000000008000580                DMA2_Channel6_IRQHandler
                0x0000000008000580                TIM2_IRQHandler
                0x0000000008000580                TIM1_BRK_IRQHandler
                0x0000000008000580                EXTI1_IRQHandler
                0x0000000008000580                DMA1_Channel2_IRQHandler
                0x0000000008000580                FLASH_IRQHandler
                0x0000000008000580                I2C1_ER_IRQHandler
                0x0000000008000580                LPTIM1_IRQHandler
                0x0000000008000580                SAI1_IRQHandler
                0x0000000008000580                DMA2_Channel3_IRQHandler
 .text._read    0x0000000008000582       0x3a Application/SW4STM32/syscalls.o
                0x0000000008000582                _read
 .text._sbrk    0x00000000080005bc       0x58 Application/SW4STM32/syscalls.o
                0x00000000080005bc                _sbrk
 .text._close   0x0000000008000614       0x18 Application/SW4STM32/syscalls.o
                0x0000000008000614                _close
 .text._fstat   0x000000000800062c       0x20 Application/SW4STM32/syscalls.o
                0x000000000800062c                _fstat
 .text._isatty  0x000000000800064c       0x16 Application/SW4STM32/syscalls.o
                0x000000000800064c                _isatty
 .text._lseek   0x0000000008000662       0x1a Application/SW4STM32/syscalls.o
                0x0000000008000662                _lseek
 .text.LL_EXTI_EnableIT_32_63
                0x000000000800067c       0x28 Application/User/Core/app_entry.o
 .text.LL_C2_EXTI_EnableIT_32_63
                0x00000000080006a4       0x28 Application/User/Core/app_entry.o
 .text.LL_RCC_SetClkAfterWakeFromStop
                0x00000000080006cc       0x28 Application/User/Core/app_entry.o
 .text.APPE_Init
                0x00000000080006f4       0x30 Application/User/Core/app_entry.o
                0x00000000080006f4                APPE_Init
 .text.Init_Debug
                0x0000000008000724       0x20 Application/User/Core/app_entry.o
 .text.SystemPower_Config
                0x0000000008000744       0x14 Application/User/Core/app_entry.o
 .text.appe_Tl_Init
                0x0000000008000758       0x6c Application/User/Core/app_entry.o
 .text.APPE_SysStatusNot
                0x00000000080007c4       0x16 Application/User/Core/app_entry.o
 .text.APPE_SysUserEvtRx
                0x00000000080007da       0x20 Application/User/Core/app_entry.o
 .text.Led_Init
                0x00000000080007fa       0x20 Application/User/Core/app_entry.o
 .text.Button_Init
                0x000000000800081a       0x10 Application/User/Core/app_entry.o
 .text.UTIL_SEQ_Idle
                0x000000000800082a        0xe Application/User/Core/app_entry.o
                0x000000000800082a                UTIL_SEQ_Idle
 .text.UTIL_SEQ_EvtIdle
                0x0000000008000838       0x1a Application/User/Core/app_entry.o
                0x0000000008000838                UTIL_SEQ_EvtIdle
 .text.shci_notify_asynch_evt
                0x0000000008000852       0x18 Application/User/Core/app_entry.o
                0x0000000008000852                shci_notify_asynch_evt
 .text.shci_cmd_resp_release
                0x000000000800086a       0x16 Application/User/Core/app_entry.o
                0x000000000800086a                shci_cmd_resp_release
 .text.shci_cmd_resp_wait
                0x0000000008000880       0x16 Application/User/Core/app_entry.o
                0x0000000008000880                shci_cmd_resp_wait
 .text.DbgOutputInit
                0x0000000008000896        0xc Application/User/Core/app_entry.o
                0x0000000008000896                DbgOutputInit
 .text.DbgOutputTraces
                0x00000000080008a2       0x22 Application/User/Core/app_entry.o
                0x00000000080008a2                DbgOutputTraces
 .text.HAL_GPIO_EXTI_Callback
                0x00000000080008c4       0x34 Application/User/Core/app_entry.o
                0x00000000080008c4                HAL_GPIO_EXTI_Callback
 .text.LL_EXTI_EnableIT_0_31
                0x00000000080008f8       0x28 Application/User/Core/hw_timerserver.o
 .text.LL_EXTI_EnableRisingTrig_0_31
                0x0000000008000920       0x24 Application/User/Core/hw_timerserver.o
 .text.ReadRtcSsrValue
                0x0000000008000944       0x40 Application/User/Core/hw_timerserver.o
 .text.LinkTimerAfter
                0x0000000008000984       0x8c Application/User/Core/hw_timerserver.o
 .text.LinkTimerBefore
                0x0000000008000a10       0xc0 Application/User/Core/hw_timerserver.o
 .text.linkTimer
                0x0000000008000ad0      0x154 Application/User/Core/hw_timerserver.o
 .text.UnlinkTimer
                0x0000000008000c24      0x108 Application/User/Core/hw_timerserver.o
 .text.ReturnTimeElapsed
                0x0000000008000d2c       0x80 Application/User/Core/hw_timerserver.o
 .text.RestartWakeupCounter
                0x0000000008000dac       0xbc Application/User/Core/hw_timerserver.o
 .text.RescheduleTimerList
                0x0000000008000e68      0x13c Application/User/Core/hw_timerserver.o
 .text.HW_TS_RTC_Wakeup_Handler
                0x0000000008000fa4      0x1a0 Application/User/Core/hw_timerserver.o
                0x0000000008000fa4                HW_TS_RTC_Wakeup_Handler
 .text.HW_TS_Init
                0x0000000008001144      0x1c0 Application/User/Core/hw_timerserver.o
                0x0000000008001144                HW_TS_Init
 .text.HW_TS_Create
                0x0000000008001304       0xec Application/User/Core/hw_timerserver.o
                0x0000000008001304                HW_TS_Create
 .text.HW_TS_Stop
                0x00000000080013f0      0x114 Application/User/Core/hw_timerserver.o
                0x00000000080013f0                HW_TS_Stop
 .text.HW_TS_Start
                0x0000000008001504      0x10c Application/User/Core/hw_timerserver.o
                0x0000000008001504                HW_TS_Start
 .text.HW_TS_RTC_Int_AppNot
                0x0000000008001610       0x1a Application/User/Core/hw_timerserver.o
                0x0000000008001610                HW_TS_RTC_Int_AppNot
 *fill*         0x000000000800162a        0x2 
 .text.HW_UART_Transmit_DMA
                0x000000000800162c       0x8c Application/User/Core/hw_uart.o
                0x000000000800162c                HW_UART_Transmit_DMA
 .text.HAL_UART_TxCpltCallback
                0x00000000080016b8       0x38 Application/User/Core/hw_uart.o
                0x00000000080016b8                HAL_UART_TxCpltCallback
 .text.LL_EXTI_DisableIT_0_31
                0x00000000080016f0       0x2c Application/User/Core/main.o
 .text.LL_EXTI_DisableIT_32_63
                0x000000000800171c       0x2c Application/User/Core/main.o
 .text.LL_RCC_HSE_SetCapacitorTuning
                0x0000000008001748       0x3c Application/User/Core/main.o
 .text.LL_RCC_HSI48_Enable
                0x0000000008001784       0x22 Application/User/Core/main.o
 .text.LL_RCC_HSI48_IsReady
                0x00000000080017a6       0x24 Application/User/Core/main.o
 .text.LL_RCC_LSE_Enable
                0x00000000080017ca       0x22 Application/User/Core/main.o
 .text.LL_RCC_LSE_IsReady
                0x00000000080017ec       0x24 Application/User/Core/main.o
 .text.LL_RCC_LSI1_Disable
                0x0000000008001810       0x22 Application/User/Core/main.o
 .text.LL_RCC_SetRFWKPClockSource
                0x0000000008001832       0x2c Application/User/Core/main.o
 .text.LL_RCC_SetCLK48ClockSource
                0x000000000800185e       0x2c Application/User/Core/main.o
 .text.LL_RCC_ForceBackupDomainReset
                0x000000000800188a       0x22 Application/User/Core/main.o
 .text.LL_RCC_ReleaseBackupDomainReset
                0x00000000080018ac       0x22 Application/User/Core/main.o
 .text.LL_RCC_IsActiveFlag_PINRST
                0x00000000080018ce       0x26 Application/User/Core/main.o
 .text.LL_RCC_IsActiveFlag_SFTRST
                0x00000000080018f4       0x26 Application/User/Core/main.o
 .text.LL_AHB1_GRP1_EnableClock
                0x000000000800191a       0x32 Application/User/Core/main.o
 .text.LL_AHB2_GRP1_EnableClock
                0x000000000800194c       0x32 Application/User/Core/main.o
 .text.LL_AHB3_GRP1_EnableClock
                0x000000000800197e       0x32 Application/User/Core/main.o
 .text.LL_C1_IPCC_DisableTransmitChannel
                0x00000000080019b0       0x24 Application/User/Core/main.o
 .text.LL_C1_IPCC_DisableReceiveChannel
                0x00000000080019d4       0x22 Application/User/Core/main.o
 .text.LL_C2_IPCC_DisableTransmitChannel
                0x00000000080019f6       0x24 Application/User/Core/main.o
 .text.LL_C2_IPCC_DisableReceiveChannel
                0x0000000008001a1a       0x22 Application/User/Core/main.o
 .text.LL_C1_IPCC_ClearFlag_CHx
                0x0000000008001a3c       0x1c Application/User/Core/main.o
 .text.LL_C2_IPCC_ClearFlag_CHx
                0x0000000008001a58       0x1c Application/User/Core/main.o
 .text.main     0x0000000008001a74       0x3a Application/User/Core/main.o
                0x0000000008001a74                main
 *fill*         0x0000000008001aae        0x2 
 .text.SystemClock_Config
                0x0000000008001ab0       0xf8 Application/User/Core/main.o
                0x0000000008001ab0                SystemClock_Config
 .text.MX_USART1_UART_Init
                0x0000000008001ba8       0x9c Application/User/Core/main.o
                0x0000000008001ba8                MX_USART1_UART_Init
 .text.MX_RF_Init
                0x0000000008001c44        0xe Application/User/Core/main.o
 *fill*         0x0000000008001c52        0x2 
 .text.MX_RTC_Init
                0x0000000008001c54       0x58 Application/User/Core/main.o
 .text.MX_DMA_Init
                0x0000000008001cac       0x3a Application/User/Core/main.o
 .text.MX_GPIO_Init
                0x0000000008001ce6       0x14 Application/User/Core/main.o
 .text.PeriphClock_Config
                0x0000000008001cfa       0x3a Application/User/Core/main.o
                0x0000000008001cfa                PeriphClock_Config
 .text.Config_HSE
                0x0000000008001d34       0x28 Application/User/Core/main.o
 .text.Reset_Device
                0x0000000008001d5c       0x10 Application/User/Core/main.o
 .text.Reset_IPCC
                0x0000000008001d6c       0x44 Application/User/Core/main.o
 .text.Reset_BackupDomain
                0x0000000008001db0       0x2e Application/User/Core/main.o
 .text.Init_Exti
                0x0000000008001dde       0x18 Application/User/Core/main.o
 .text.HAL_InitTick
                0x0000000008001df6       0x16 Application/User/Core/main.o
                0x0000000008001df6                HAL_InitTick
 .text.HAL_Delay
                0x0000000008001e0c       0x14 Application/User/Core/main.o
                0x0000000008001e0c                HAL_Delay
 .text.Error_Handler
                0x0000000008001e20        0xe Application/User/Core/main.o
                0x0000000008001e20                Error_Handler
 .text.LL_RCC_SetRTCClockSource
                0x0000000008001e2e       0x2c Application/User/Core/stm32wbxx_hal_msp.o
 .text.LL_RCC_EnableRTC
                0x0000000008001e5a       0x22 Application/User/Core/stm32wbxx_hal_msp.o
 .text.LL_AHB2_GRP1_EnableClock
                0x0000000008001e7c       0x32 Application/User/Core/stm32wbxx_hal_msp.o
 .text.LL_AHB3_GRP1_EnableClock
                0x0000000008001eae       0x32 Application/User/Core/stm32wbxx_hal_msp.o
 .text.LL_APB1_GRP2_EnableClock
                0x0000000008001ee0       0x32 Application/User/Core/stm32wbxx_hal_msp.o
 .text.LL_APB2_GRP1_EnableClock
                0x0000000008001f12       0x32 Application/User/Core/stm32wbxx_hal_msp.o
 .text.HAL_MspInit
                0x0000000008001f44       0x10 Application/User/Core/stm32wbxx_hal_msp.o
                0x0000000008001f44                HAL_MspInit
 .text.HAL_UART_MspInit
                0x0000000008001f54      0x1c0 Application/User/Core/stm32wbxx_hal_msp.o
                0x0000000008001f54                HAL_UART_MspInit
 .text.HAL_RTC_MspInit
                0x0000000008002114       0x38 Application/User/Core/stm32wbxx_hal_msp.o
                0x0000000008002114                HAL_RTC_MspInit
 .text.NMI_Handler
                0x000000000800214c        0xe Application/User/Core/stm32wbxx_it.o
                0x000000000800214c                NMI_Handler
 .text.HardFault_Handler
                0x000000000800215a        0x6 Application/User/Core/stm32wbxx_it.o
                0x000000000800215a                HardFault_Handler
 .text.MemManage_Handler
                0x0000000008002160        0x6 Application/User/Core/stm32wbxx_it.o
                0x0000000008002160                MemManage_Handler
 .text.BusFault_Handler
                0x0000000008002166        0x6 Application/User/Core/stm32wbxx_it.o
                0x0000000008002166                BusFault_Handler
 .text.UsageFault_Handler
                0x000000000800216c        0x6 Application/User/Core/stm32wbxx_it.o
                0x000000000800216c                UsageFault_Handler
 .text.SVC_Handler
                0x0000000008002172        0xe Application/User/Core/stm32wbxx_it.o
                0x0000000008002172                SVC_Handler
 .text.DebugMon_Handler
                0x0000000008002180        0xe Application/User/Core/stm32wbxx_it.o
                0x0000000008002180                DebugMon_Handler
 .text.PendSV_Handler
                0x000000000800218e        0xe Application/User/Core/stm32wbxx_it.o
                0x000000000800218e                PendSV_Handler
 .text.SysTick_Handler
                0x000000000800219c        0xc Application/User/Core/stm32wbxx_it.o
                0x000000000800219c                SysTick_Handler
 .text.DMA1_Channel4_IRQHandler
                0x00000000080021a8       0x14 Application/User/Core/stm32wbxx_it.o
                0x00000000080021a8                DMA1_Channel4_IRQHandler
 .text.USART1_IRQHandler
                0x00000000080021bc       0x14 Application/User/Core/stm32wbxx_it.o
                0x00000000080021bc                USART1_IRQHandler
 .text.LPUART1_IRQHandler
                0x00000000080021d0       0x14 Application/User/Core/stm32wbxx_it.o
                0x00000000080021d0                LPUART1_IRQHandler
 .text.DMA2_Channel4_IRQHandler
                0x00000000080021e4       0x14 Application/User/Core/stm32wbxx_it.o
                0x00000000080021e4                DMA2_Channel4_IRQHandler
 .text.EXTI4_IRQHandler
                0x00000000080021f8        0xe Application/User/Core/stm32wbxx_it.o
                0x00000000080021f8                EXTI4_IRQHandler
 .text.RTC_WKUP_IRQHandler
                0x0000000008002206        0xc Application/User/Core/stm32wbxx_it.o
                0x0000000008002206                RTC_WKUP_IRQHandler
 .text.IPCC_C1_TX_IRQHandler
                0x0000000008002212        0xc Application/User/Core/stm32wbxx_it.o
                0x0000000008002212                IPCC_C1_TX_IRQHandler
 .text.IPCC_C1_RX_IRQHandler
                0x000000000800221e        0xc Application/User/Core/stm32wbxx_it.o
                0x000000000800221e                IPCC_C1_RX_IRQHandler
 *fill*         0x000000000800222a        0x2 
 .text.LL_FLASH_GetUDN
                0x000000000800222c       0x18 Application/User/STM32_WPAN/App/app_ble.o
 .text.LL_FLASH_GetDeviceID
                0x0000000008002244       0x18 Application/User/STM32_WPAN/App/app_ble.o
 .text.LL_FLASH_GetSTCompanyID
                0x000000000800225c       0x18 Application/User/STM32_WPAN/App/app_ble.o
 .text.APP_BLE_Init
                0x0000000008002274       0x98 Application/User/STM32_WPAN/App/app_ble.o
                0x0000000008002274                APP_BLE_Init
 .text.SVCCTL_App_Notification
                0x000000000800230c      0x3a8 Application/User/STM32_WPAN/App/app_ble.o
                0x000000000800230c                SVCCTL_App_Notification
 .text.APP_BLE_Get_Client_Connection_Status
                0x00000000080026b4       0x30 Application/User/STM32_WPAN/App/app_ble.o
                0x00000000080026b4                APP_BLE_Get_Client_Connection_Status
 .text.APP_BLE_Key_Button1_Action
                0x00000000080026e4       0x20 Application/User/STM32_WPAN/App/app_ble.o
                0x00000000080026e4                APP_BLE_Key_Button1_Action
 .text.APP_BLE_Key_Button2_Action
                0x0000000008002704        0xe Application/User/STM32_WPAN/App/app_ble.o
                0x0000000008002704                APP_BLE_Key_Button2_Action
 .text.APP_BLE_Key_Button3_Action
                0x0000000008002712        0xe Application/User/STM32_WPAN/App/app_ble.o
                0x0000000008002712                APP_BLE_Key_Button3_Action
 .text.Ble_Tl_Init
                0x0000000008002720       0x2c Application/User/STM32_WPAN/App/app_ble.o
 .text.Ble_Hci_Gap_Gatt_Init
                0x000000000800274c      0x174 Application/User/STM32_WPAN/App/app_ble.o
 .text.Scan_Request
                0x00000000080028c0       0x5c Application/User/STM32_WPAN/App/app_ble.o
 .text.Connect_Request
                0x000000000800291c       0x7c Application/User/STM32_WPAN/App/app_ble.o
 .text.Switch_OFF_GPIO
                0x0000000008002998        0xe Application/User/STM32_WPAN/App/app_ble.o
 *fill*         0x00000000080029a6        0x2 
 .text.BleGetBdAddress
                0x00000000080029a8       0x88 Application/User/STM32_WPAN/App/app_ble.o
 .text.hci_notify_asynch_evt
                0x0000000008002a30       0x18 Application/User/STM32_WPAN/App/app_ble.o
                0x0000000008002a30                hci_notify_asynch_evt
 .text.hci_cmd_resp_release
                0x0000000008002a48       0x16 Application/User/STM32_WPAN/App/app_ble.o
                0x0000000008002a48                hci_cmd_resp_release
 .text.hci_cmd_resp_wait
                0x0000000008002a5e       0x16 Application/User/STM32_WPAN/App/app_ble.o
                0x0000000008002a5e                hci_cmd_resp_wait
 .text.BLE_UserEvtRx
                0x0000000008002a74       0x38 Application/User/STM32_WPAN/App/app_ble.o
 .text.BLE_StatusNot
                0x0000000008002aac       0x36 Application/User/STM32_WPAN/App/app_ble.o
 *fill*         0x0000000008002ae2        0x2 
 .text.P2PC_APP_Init
                0x0000000008002ae4       0x8c Application/User/STM32_WPAN/App/p2p_client_app.o
                0x0000000008002ae4                P2PC_APP_Init
 .text.P2PC_APP_Notification
                0x0000000008002b70       0x64 Application/User/STM32_WPAN/App/p2p_client_app.o
                0x0000000008002b70                P2PC_APP_Notification
 .text.P2PC_APP_SW1_Button_Action
                0x0000000008002bd4       0x10 Application/User/STM32_WPAN/App/p2p_client_app.o
                0x0000000008002bd4                P2PC_APP_SW1_Button_Action
 .text.Event_Handler
                0x0000000008002be4      0x5a0 Application/User/STM32_WPAN/App/p2p_client_app.o
 .text.Gatt_Notification
                0x0000000008003184       0x7c Application/User/STM32_WPAN/App/p2p_client_app.o
 .text.P2P_Client_APP_Get_State
                0x0000000008003200       0x18 Application/User/STM32_WPAN/App/p2p_client_app.o
                0x0000000008003200                P2P_Client_APP_Get_State
 .text.Write_Char
                0x0000000008003218       0x74 Application/User/STM32_WPAN/App/p2p_client_app.o
 .text.Button_Trigger_Received
                0x000000000800328c       0x48 Application/User/STM32_WPAN/App/p2p_client_app.o
 .text.Update_Service
                0x00000000080032d4      0x228 Application/User/STM32_WPAN/App/p2p_client_app.o
 .text.LL_PWR_EnableBootC2
                0x00000000080034fc       0x20 Application/User/STM32_WPAN/Target/hw_ipcc.o
 .text.LL_AHB3_GRP1_EnableClock
                0x000000000800351c       0x32 Application/User/STM32_WPAN/Target/hw_ipcc.o
 .text.LL_C1_IPCC_EnableIT_TXF
                0x000000000800354e       0x20 Application/User/STM32_WPAN/Target/hw_ipcc.o
 .text.LL_C1_IPCC_EnableIT_RXO
                0x000000000800356e       0x20 Application/User/STM32_WPAN/Target/hw_ipcc.o
 .text.LL_C1_IPCC_EnableTransmitChannel
                0x000000000800358e       0x26 Application/User/STM32_WPAN/Target/hw_ipcc.o
 .text.LL_C1_IPCC_DisableTransmitChannel
                0x00000000080035b4       0x24 Application/User/STM32_WPAN/Target/hw_ipcc.o
 .text.LL_C1_IPCC_EnableReceiveChannel
                0x00000000080035d8       0x24 Application/User/STM32_WPAN/Target/hw_ipcc.o
 .text.LL_C1_IPCC_ClearFlag_CHx
                0x00000000080035fc       0x1c Application/User/STM32_WPAN/Target/hw_ipcc.o
 .text.LL_C1_IPCC_SetFlag_CHx
                0x0000000008003618       0x1e Application/User/STM32_WPAN/Target/hw_ipcc.o
 .text.LL_C1_IPCC_IsActiveFlag_CHx
                0x0000000008003636       0x2a Application/User/STM32_WPAN/Target/hw_ipcc.o
 .text.LL_C2_IPCC_IsActiveFlag_CHx
                0x0000000008003660       0x2a Application/User/STM32_WPAN/Target/hw_ipcc.o
 *fill*         0x000000000800368a        0x2 
 .text.HW_IPCC_Rx_Handler
                0x000000000800368c       0x70 Application/User/STM32_WPAN/Target/hw_ipcc.o
                0x000000000800368c                HW_IPCC_Rx_Handler
 .text.HW_IPCC_Tx_Handler
                0x00000000080036fc       0x94 Application/User/STM32_WPAN/Target/hw_ipcc.o
                0x00000000080036fc                HW_IPCC_Tx_Handler
 .text.HW_IPCC_Enable
                0x0000000008003790       0x10 Application/User/STM32_WPAN/Target/hw_ipcc.o
                0x0000000008003790                HW_IPCC_Enable
 .text.HW_IPCC_Init
                0x00000000080037a0       0x2c Application/User/STM32_WPAN/Target/hw_ipcc.o
                0x00000000080037a0                HW_IPCC_Init
 .text.HW_IPCC_BLE_Init
                0x00000000080037cc       0x14 Application/User/STM32_WPAN/Target/hw_ipcc.o
                0x00000000080037cc                HW_IPCC_BLE_Init
 .text.HW_IPCC_BLE_SendCmd
                0x00000000080037e0       0x14 Application/User/STM32_WPAN/Target/hw_ipcc.o
                0x00000000080037e0                HW_IPCC_BLE_SendCmd
 .text.HW_IPCC_BLE_EvtHandler
                0x00000000080037f4       0x18 Application/User/STM32_WPAN/Target/hw_ipcc.o
 .text.HW_IPCC_BLE_AclDataEvtHandler
                0x000000000800380c       0x18 Application/User/STM32_WPAN/Target/hw_ipcc.o
 .text.HW_IPCC_SYS_Init
                0x0000000008003824       0x14 Application/User/STM32_WPAN/Target/hw_ipcc.o
                0x0000000008003824                HW_IPCC_SYS_Init
 .text.HW_IPCC_SYS_SendCmd
                0x0000000008003838       0x1c Application/User/STM32_WPAN/Target/hw_ipcc.o
                0x0000000008003838                HW_IPCC_SYS_SendCmd
 .text.HW_IPCC_SYS_CmdEvtHandler
                0x0000000008003854       0x18 Application/User/STM32_WPAN/Target/hw_ipcc.o
 .text.HW_IPCC_SYS_EvtHandler
                0x000000000800386c       0x18 Application/User/STM32_WPAN/Target/hw_ipcc.o
 .text.HW_IPCC_MM_SendFreeBuf
                0x0000000008003884       0x44 Application/User/STM32_WPAN/Target/hw_ipcc.o
                0x0000000008003884                HW_IPCC_MM_SendFreeBuf
 .text.HW_IPCC_MM_FreeBufHandler
                0x00000000080038c8       0x28 Application/User/STM32_WPAN/Target/hw_ipcc.o
 .text.HW_IPCC_TRACES_Init
                0x00000000080038f0       0x14 Application/User/STM32_WPAN/Target/hw_ipcc.o
                0x00000000080038f0                HW_IPCC_TRACES_Init
 .text.HW_IPCC_TRACES_EvtHandler
                0x0000000008003904       0x18 Application/User/STM32_WPAN/Target/hw_ipcc.o
 .text.LL_AHB2_GRP1_EnableClock
                0x000000000800391c       0x32 Drivers/BSP/P-NUCLEO-WB55.Nucleo/stm32wbxx_nucleo.o
 *fill*         0x000000000800394e        0x2 
 .text.BSP_LED_Init
                0x0000000008003950       0x74 Drivers/BSP/P-NUCLEO-WB55.Nucleo/stm32wbxx_nucleo.o
                0x0000000008003950                BSP_LED_Init
 .text.BSP_LED_On
                0x00000000080039c4       0x34 Drivers/BSP/P-NUCLEO-WB55.Nucleo/stm32wbxx_nucleo.o
                0x00000000080039c4                BSP_LED_On
 .text.BSP_LED_Off
                0x00000000080039f8       0x34 Drivers/BSP/P-NUCLEO-WB55.Nucleo/stm32wbxx_nucleo.o
                0x00000000080039f8                BSP_LED_Off
 .text.BSP_PB_Init
                0x0000000008003a2c       0xe4 Drivers/BSP/P-NUCLEO-WB55.Nucleo/stm32wbxx_nucleo.o
                0x0000000008003a2c                BSP_PB_Init
 .text.SystemInit
                0x0000000008003b10       0xac Drivers/CMSIS/system_stm32wbxx.o
                0x0000000008003b10                SystemInit
 .text.SystemCoreClockUpdate
                0x0000000008003bbc      0x144 Drivers/CMSIS/system_stm32wbxx.o
                0x0000000008003bbc                SystemCoreClockUpdate
 .text.LL_DBGMCU_EnableDBGSleepMode
                0x0000000008003d00       0x20 Drivers/STM32WBxx_HAL_Driver/stm32wbxx_hal.o
 .text.HAL_Init
                0x0000000008003d20       0x40 Drivers/STM32WBxx_HAL_Driver/stm32wbxx_hal.o
                0x0000000008003d20                HAL_Init
 .text.HAL_IncTick
                0x0000000008003d60       0x24 Drivers/STM32WBxx_HAL_Driver/stm32wbxx_hal.o
                0x0000000008003d60                HAL_IncTick
 .text.HAL_GetTick
                0x0000000008003d84       0x18 Drivers/STM32WBxx_HAL_Driver/stm32wbxx_hal.o
                0x0000000008003d84                HAL_GetTick
 .text.HAL_GetTickPrio
                0x0000000008003d9c       0x18 Drivers/STM32WBxx_HAL_Driver/stm32wbxx_hal.o
                0x0000000008003d9c                HAL_GetTickPrio
 .text.HAL_DBGMCU_EnableDBGSleepMode
                0x0000000008003db4        0xc Drivers/STM32WBxx_HAL_Driver/stm32wbxx_hal.o
                0x0000000008003db4                HAL_DBGMCU_EnableDBGSleepMode
 .text.__NVIC_SetPriorityGrouping
                0x0000000008003dc0       0x48 Drivers/STM32WBxx_HAL_Driver/stm32wbxx_hal_cortex.o
 .text.__NVIC_GetPriorityGrouping
                0x0000000008003e08       0x1c Drivers/STM32WBxx_HAL_Driver/stm32wbxx_hal_cortex.o
 .text.__NVIC_EnableIRQ
                0x0000000008003e24       0x3c Drivers/STM32WBxx_HAL_Driver/stm32wbxx_hal_cortex.o
 .text.__NVIC_DisableIRQ
                0x0000000008003e60       0x44 Drivers/STM32WBxx_HAL_Driver/stm32wbxx_hal_cortex.o
 .text.__NVIC_SetPendingIRQ
                0x0000000008003ea4       0x3c Drivers/STM32WBxx_HAL_Driver/stm32wbxx_hal_cortex.o
 .text.__NVIC_ClearPendingIRQ
                0x0000000008003ee0       0x3c Drivers/STM32WBxx_HAL_Driver/stm32wbxx_hal_cortex.o
 .text.__NVIC_SetPriority
                0x0000000008003f1c       0x54 Drivers/STM32WBxx_HAL_Driver/stm32wbxx_hal_cortex.o
 .text.NVIC_EncodePriority
                0x0000000008003f70       0x66 Drivers/STM32WBxx_HAL_Driver/stm32wbxx_hal_cortex.o
 .text.HAL_NVIC_SetPriorityGrouping
                0x0000000008003fd6       0x16 Drivers/STM32WBxx_HAL_Driver/stm32wbxx_hal_cortex.o
                0x0000000008003fd6                HAL_NVIC_SetPriorityGrouping
 .text.HAL_NVIC_SetPriority
                0x0000000008003fec       0x34 Drivers/STM32WBxx_HAL_Driver/stm32wbxx_hal_cortex.o
                0x0000000008003fec                HAL_NVIC_SetPriority
 .text.HAL_NVIC_EnableIRQ
                0x0000000008004020       0x1c Drivers/STM32WBxx_HAL_Driver/stm32wbxx_hal_cortex.o
                0x0000000008004020                HAL_NVIC_EnableIRQ
 .text.HAL_NVIC_DisableIRQ
                0x000000000800403c       0x1c Drivers/STM32WBxx_HAL_Driver/stm32wbxx_hal_cortex.o
                0x000000000800403c                HAL_NVIC_DisableIRQ
 .text.HAL_NVIC_SetPendingIRQ
                0x0000000008004058       0x1c Drivers/STM32WBxx_HAL_Driver/stm32wbxx_hal_cortex.o
                0x0000000008004058                HAL_NVIC_SetPendingIRQ
 .text.HAL_NVIC_ClearPendingIRQ
                0x0000000008004074       0x1c Drivers/STM32WBxx_HAL_Driver/stm32wbxx_hal_cortex.o
                0x0000000008004074                HAL_NVIC_ClearPendingIRQ
 .text.HAL_DMA_Init
                0x0000000008004090      0x150 Drivers/STM32WBxx_HAL_Driver/stm32wbxx_hal_dma.o
                0x0000000008004090                HAL_DMA_Init
 .text.HAL_DMA_Start_IT
                0x00000000080041e0       0xf6 Drivers/STM32WBxx_HAL_Driver/stm32wbxx_hal_dma.o
                0x00000000080041e0                HAL_DMA_Start_IT
 .text.HAL_DMA_Abort_IT
                0x00000000080042d6       0xbe Drivers/STM32WBxx_HAL_Driver/stm32wbxx_hal_dma.o
                0x00000000080042d6                HAL_DMA_Abort_IT
 .text.HAL_DMA_IRQHandler
                0x0000000008004394      0x15e Drivers/STM32WBxx_HAL_Driver/stm32wbxx_hal_dma.o
                0x0000000008004394                HAL_DMA_IRQHandler
 .text.DMA_SetConfig
                0x00000000080044f2       0x7c Drivers/STM32WBxx_HAL_Driver/stm32wbxx_hal_dma.o
 *fill*         0x000000000800456e        0x2 
 .text.DMA_CalcDMAMUXChannelBaseAndMask
                0x0000000008004570       0x7c Drivers/STM32WBxx_HAL_Driver/stm32wbxx_hal_dma.o
 .text.DMA_CalcDMAMUXRequestGenBaseAndMask
                0x00000000080045ec       0x48 Drivers/STM32WBxx_HAL_Driver/stm32wbxx_hal_dma.o
 .text.HAL_GPIO_Init
                0x0000000008004634      0x2e0 Drivers/STM32WBxx_HAL_Driver/stm32wbxx_hal_gpio.o
                0x0000000008004634                HAL_GPIO_Init
 .text.HAL_GPIO_WritePin
                0x0000000008004914       0x30 Drivers/STM32WBxx_HAL_Driver/stm32wbxx_hal_gpio.o
                0x0000000008004914                HAL_GPIO_WritePin
 .text.HAL_GPIO_EXTI_IRQHandler
                0x0000000008004944       0x30 Drivers/STM32WBxx_HAL_Driver/stm32wbxx_hal_gpio.o
                0x0000000008004944                HAL_GPIO_EXTI_IRQHandler
 .text.HAL_PWR_EnableBkUpAccess
                0x0000000008004974       0x20 Drivers/STM32WBxx_HAL_Driver/stm32wbxx_hal_pwr.o
                0x0000000008004974                HAL_PWR_EnableBkUpAccess
 .text.HAL_PWREx_GetVoltageRange
                0x0000000008004994       0x1c Drivers/STM32WBxx_HAL_Driver/stm32wbxx_hal_pwr_ex.o
                0x0000000008004994                HAL_PWREx_GetVoltageRange
 .text.LL_RCC_HSE_IsEnabledDiv2
                0x00000000080049b0       0x24 Drivers/STM32WBxx_HAL_Driver/stm32wbxx_hal_rcc.o
 .text.LL_RCC_HSE_EnableBypass
                0x00000000080049d4       0x1e Drivers/STM32WBxx_HAL_Driver/stm32wbxx_hal_rcc.o
 .text.LL_RCC_HSE_DisableBypass
                0x00000000080049f2       0x1e Drivers/STM32WBxx_HAL_Driver/stm32wbxx_hal_rcc.o
 .text.LL_RCC_HSE_Enable
                0x0000000008004a10       0x1e Drivers/STM32WBxx_HAL_Driver/stm32wbxx_hal_rcc.o
 .text.LL_RCC_HSE_Disable
                0x0000000008004a2e       0x1e Drivers/STM32WBxx_HAL_Driver/stm32wbxx_hal_rcc.o
 .text.LL_RCC_HSE_IsReady
                0x0000000008004a4c       0x24 Drivers/STM32WBxx_HAL_Driver/stm32wbxx_hal_rcc.o
 .text.LL_RCC_HSI_Enable
                0x0000000008004a70       0x1e Drivers/STM32WBxx_HAL_Driver/stm32wbxx_hal_rcc.o
 .text.LL_RCC_HSI_Disable
                0x0000000008004a8e       0x1e Drivers/STM32WBxx_HAL_Driver/stm32wbxx_hal_rcc.o
 .text.LL_RCC_HSI_IsReady
                0x0000000008004aac       0x24 Drivers/STM32WBxx_HAL_Driver/stm32wbxx_hal_rcc.o
 .text.LL_RCC_HSI_SetCalibTrimming
                0x0000000008004ad0       0x2a Drivers/STM32WBxx_HAL_Driver/stm32wbxx_hal_rcc.o
 .text.LL_RCC_HSI48_Enable
                0x0000000008004afa       0x22 Drivers/STM32WBxx_HAL_Driver/stm32wbxx_hal_rcc.o
 .text.LL_RCC_HSI48_Disable
                0x0000000008004b1c       0x22 Drivers/STM32WBxx_HAL_Driver/stm32wbxx_hal_rcc.o
 .text.LL_RCC_HSI48_IsReady
                0x0000000008004b3e       0x24 Drivers/STM32WBxx_HAL_Driver/stm32wbxx_hal_rcc.o
 .text.LL_RCC_LSE_Enable
                0x0000000008004b62       0x22 Drivers/STM32WBxx_HAL_Driver/stm32wbxx_hal_rcc.o
 .text.LL_RCC_LSE_Disable
                0x0000000008004b84       0x22 Drivers/STM32WBxx_HAL_Driver/stm32wbxx_hal_rcc.o
 .text.LL_RCC_LSE_EnableBypass
                0x0000000008004ba6       0x22 Drivers/STM32WBxx_HAL_Driver/stm32wbxx_hal_rcc.o
 .text.LL_RCC_LSE_DisableBypass
                0x0000000008004bc8       0x22 Drivers/STM32WBxx_HAL_Driver/stm32wbxx_hal_rcc.o
 .text.LL_RCC_LSE_IsReady
                0x0000000008004bea       0x24 Drivers/STM32WBxx_HAL_Driver/stm32wbxx_hal_rcc.o
 .text.LL_RCC_LSI1_Enable
                0x0000000008004c0e       0x22 Drivers/STM32WBxx_HAL_Driver/stm32wbxx_hal_rcc.o
 .text.LL_RCC_LSI1_Disable
                0x0000000008004c30       0x22 Drivers/STM32WBxx_HAL_Driver/stm32wbxx_hal_rcc.o
 .text.LL_RCC_LSI1_IsReady
                0x0000000008004c52       0x24 Drivers/STM32WBxx_HAL_Driver/stm32wbxx_hal_rcc.o
 .text.LL_RCC_LSI2_Enable
                0x0000000008004c76       0x22 Drivers/STM32WBxx_HAL_Driver/stm32wbxx_hal_rcc.o
 .text.LL_RCC_LSI2_Disable
                0x0000000008004c98       0x22 Drivers/STM32WBxx_HAL_Driver/stm32wbxx_hal_rcc.o
 .text.LL_RCC_LSI2_IsReady
                0x0000000008004cba       0x24 Drivers/STM32WBxx_HAL_Driver/stm32wbxx_hal_rcc.o
 .text.LL_RCC_LSI2_SetTrimming
                0x0000000008004cde       0x2e Drivers/STM32WBxx_HAL_Driver/stm32wbxx_hal_rcc.o
 .text.LL_RCC_MSI_Enable
                0x0000000008004d0c       0x1e Drivers/STM32WBxx_HAL_Driver/stm32wbxx_hal_rcc.o
 .text.LL_RCC_MSI_Disable
                0x0000000008004d2a       0x1e Drivers/STM32WBxx_HAL_Driver/stm32wbxx_hal_rcc.o
 .text.LL_RCC_MSI_IsReady
                0x0000000008004d48       0x22 Drivers/STM32WBxx_HAL_Driver/stm32wbxx_hal_rcc.o
 .text.LL_RCC_MSI_SetRange
                0x0000000008004d6a       0x28 Drivers/STM32WBxx_HAL_Driver/stm32wbxx_hal_rcc.o
 .text.LL_RCC_MSI_GetRange
                0x0000000008004d92       0x2a Drivers/STM32WBxx_HAL_Driver/stm32wbxx_hal_rcc.o
 .text.LL_RCC_MSI_SetCalibTrimming
                0x0000000008004dbc       0x2a Drivers/STM32WBxx_HAL_Driver/stm32wbxx_hal_rcc.o
 .text.LL_RCC_SetSysClkSource
                0x0000000008004de6       0x28 Drivers/STM32WBxx_HAL_Driver/stm32wbxx_hal_rcc.o
 .text.LL_RCC_GetSysClkSource
                0x0000000008004e0e       0x18 Drivers/STM32WBxx_HAL_Driver/stm32wbxx_hal_rcc.o
 .text.LL_RCC_SetAHBPrescaler
                0x0000000008004e26       0x28 Drivers/STM32WBxx_HAL_Driver/stm32wbxx_hal_rcc.o
 .text.LL_C2_RCC_SetAHBPrescaler
                0x0000000008004e4e       0x2c Drivers/STM32WBxx_HAL_Driver/stm32wbxx_hal_rcc.o
 .text.LL_RCC_SetAHB4Prescaler
                0x0000000008004e7a       0x2e Drivers/STM32WBxx_HAL_Driver/stm32wbxx_hal_rcc.o
 .text.LL_RCC_SetAPB1Prescaler
                0x0000000008004ea8       0x28 Drivers/STM32WBxx_HAL_Driver/stm32wbxx_hal_rcc.o
 .text.LL_RCC_SetAPB2Prescaler
                0x0000000008004ed0       0x28 Drivers/STM32WBxx_HAL_Driver/stm32wbxx_hal_rcc.o
 .text.LL_RCC_GetAHBPrescaler
                0x0000000008004ef8       0x18 Drivers/STM32WBxx_HAL_Driver/stm32wbxx_hal_rcc.o
 .text.LL_RCC_GetAHB4Prescaler
                0x0000000008004f10       0x1c Drivers/STM32WBxx_HAL_Driver/stm32wbxx_hal_rcc.o
 .text.LL_RCC_GetAPB1Prescaler
                0x0000000008004f2c       0x18 Drivers/STM32WBxx_HAL_Driver/stm32wbxx_hal_rcc.o
 .text.LL_RCC_GetAPB2Prescaler
                0x0000000008004f44       0x18 Drivers/STM32WBxx_HAL_Driver/stm32wbxx_hal_rcc.o
 .text.LL_RCC_PLL_Enable
                0x0000000008004f5c       0x1e Drivers/STM32WBxx_HAL_Driver/stm32wbxx_hal_rcc.o
 .text.LL_RCC_PLL_Disable
                0x0000000008004f7a       0x1e Drivers/STM32WBxx_HAL_Driver/stm32wbxx_hal_rcc.o
 .text.LL_RCC_PLL_IsReady
                0x0000000008004f98       0x24 Drivers/STM32WBxx_HAL_Driver/stm32wbxx_hal_rcc.o
 .text.LL_RCC_PLL_GetN
                0x0000000008004fbc       0x1a Drivers/STM32WBxx_HAL_Driver/stm32wbxx_hal_rcc.o
 .text.LL_RCC_PLL_GetR
                0x0000000008004fd6       0x18 Drivers/STM32WBxx_HAL_Driver/stm32wbxx_hal_rcc.o
 .text.LL_RCC_PLL_GetDivider
                0x0000000008004fee       0x18 Drivers/STM32WBxx_HAL_Driver/stm32wbxx_hal_rcc.o
 .text.LL_RCC_PLL_GetMainSource
                0x0000000008005006       0x18 Drivers/STM32WBxx_HAL_Driver/stm32wbxx_hal_rcc.o
 .text.LL_RCC_IsActiveFlag_HPRE
                0x000000000800501e       0x24 Drivers/STM32WBxx_HAL_Driver/stm32wbxx_hal_rcc.o
 .text.LL_RCC_IsActiveFlag_C2HPRE
                0x0000000008005042       0x26 Drivers/STM32WBxx_HAL_Driver/stm32wbxx_hal_rcc.o
 .text.LL_RCC_IsActiveFlag_SHDHPRE
                0x0000000008005068       0x26 Drivers/STM32WBxx_HAL_Driver/stm32wbxx_hal_rcc.o
 .text.LL_RCC_IsActiveFlag_PPRE1
                0x000000000800508e       0x24 Drivers/STM32WBxx_HAL_Driver/stm32wbxx_hal_rcc.o
 .text.LL_RCC_IsActiveFlag_PPRE2
                0x00000000080050b2       0x24 Drivers/STM32WBxx_HAL_Driver/stm32wbxx_hal_rcc.o
 *fill*         0x00000000080050d6        0x2 
 .text.HAL_RCC_OscConfig
                0x00000000080050d8      0x6bc Drivers/STM32WBxx_HAL_Driver/stm32wbxx_hal_rcc.o
                0x00000000080050d8                HAL_RCC_OscConfig
 .text.HAL_RCC_ClockConfig
                0x0000000008005794      0x278 Drivers/STM32WBxx_HAL_Driver/stm32wbxx_hal_rcc.o
                0x0000000008005794                HAL_RCC_ClockConfig
 .text.HAL_RCC_GetSysClockFreq
                0x0000000008005a0c       0xd4 Drivers/STM32WBxx_HAL_Driver/stm32wbxx_hal_rcc.o
                0x0000000008005a0c                HAL_RCC_GetSysClockFreq
 .text.HAL_RCC_GetHCLKFreq
                0x0000000008005ae0       0x28 Drivers/STM32WBxx_HAL_Driver/stm32wbxx_hal_rcc.o
                0x0000000008005ae0                HAL_RCC_GetHCLKFreq
 .text.HAL_RCC_GetPCLK1Freq
                0x0000000008005b08       0x2c Drivers/STM32WBxx_HAL_Driver/stm32wbxx_hal_rcc.o
                0x0000000008005b08                HAL_RCC_GetPCLK1Freq
 .text.HAL_RCC_GetPCLK2Freq
                0x0000000008005b34       0x2c Drivers/STM32WBxx_HAL_Driver/stm32wbxx_hal_rcc.o
                0x0000000008005b34                HAL_RCC_GetPCLK2Freq
 .text.RCC_SetFlashLatencyFromMSIRange
                0x0000000008005b60       0x70 Drivers/STM32WBxx_HAL_Driver/stm32wbxx_hal_rcc.o
 .text.RCC_SetFlashLatency
                0x0000000008005bd0      0x100 Drivers/STM32WBxx_HAL_Driver/stm32wbxx_hal_rcc.o
 .text.LL_RCC_LSE_IsEnabled
                0x0000000008005cd0       0x24 Drivers/STM32WBxx_HAL_Driver/stm32wbxx_hal_rcc_ex.o
 .text.LL_RCC_LSE_IsReady
                0x0000000008005cf4       0x24 Drivers/STM32WBxx_HAL_Driver/stm32wbxx_hal_rcc_ex.o
 .text.LL_RCC_SetRFWKPClockSource
                0x0000000008005d18       0x2c Drivers/STM32WBxx_HAL_Driver/stm32wbxx_hal_rcc_ex.o
 .text.LL_RCC_SetSMPSClockSource
                0x0000000008005d44       0x28 Drivers/STM32WBxx_HAL_Driver/stm32wbxx_hal_rcc_ex.o
 .text.LL_RCC_SetSMPSPrescaler
                0x0000000008005d6c       0x28 Drivers/STM32WBxx_HAL_Driver/stm32wbxx_hal_rcc_ex.o
 .text.LL_RCC_SetUSARTClockSource
                0x0000000008005d94       0x2c Drivers/STM32WBxx_HAL_Driver/stm32wbxx_hal_rcc_ex.o
 .text.LL_RCC_SetLPUARTClockSource
                0x0000000008005dc0       0x2c Drivers/STM32WBxx_HAL_Driver/stm32wbxx_hal_rcc_ex.o
 .text.LL_RCC_SetI2CClockSource
                0x0000000008005dec       0x3a Drivers/STM32WBxx_HAL_Driver/stm32wbxx_hal_rcc_ex.o
 .text.LL_RCC_SetLPTIMClockSource
                0x0000000008005e26       0x34 Drivers/STM32WBxx_HAL_Driver/stm32wbxx_hal_rcc_ex.o
 .text.LL_RCC_SetSAIClockSource
                0x0000000008005e5a       0x2c Drivers/STM32WBxx_HAL_Driver/stm32wbxx_hal_rcc_ex.o
 .text.LL_RCC_SetRNGClockSource
                0x0000000008005e86       0x2c Drivers/STM32WBxx_HAL_Driver/stm32wbxx_hal_rcc_ex.o
 .text.LL_RCC_SetCLK48ClockSource
                0x0000000008005eb2       0x2c Drivers/STM32WBxx_HAL_Driver/stm32wbxx_hal_rcc_ex.o
 .text.LL_RCC_SetUSBClockSource
                0x0000000008005ede       0x16 Drivers/STM32WBxx_HAL_Driver/stm32wbxx_hal_rcc_ex.o
 .text.LL_RCC_SetADCClockSource
                0x0000000008005ef4       0x2c Drivers/STM32WBxx_HAL_Driver/stm32wbxx_hal_rcc_ex.o
 .text.LL_RCC_SetRTCClockSource
                0x0000000008005f20       0x2c Drivers/STM32WBxx_HAL_Driver/stm32wbxx_hal_rcc_ex.o
 .text.LL_RCC_GetRTCClockSource
                0x0000000008005f4c       0x1a Drivers/STM32WBxx_HAL_Driver/stm32wbxx_hal_rcc_ex.o
 .text.LL_RCC_ForceBackupDomainReset
                0x0000000008005f66       0x22 Drivers/STM32WBxx_HAL_Driver/stm32wbxx_hal_rcc_ex.o
 .text.LL_RCC_ReleaseBackupDomainReset
                0x0000000008005f88       0x22 Drivers/STM32WBxx_HAL_Driver/stm32wbxx_hal_rcc_ex.o
 .text.LL_RCC_PLLSAI1_Enable
                0x0000000008005faa       0x1e Drivers/STM32WBxx_HAL_Driver/stm32wbxx_hal_rcc_ex.o
 .text.LL_RCC_PLLSAI1_Disable
                0x0000000008005fc8       0x1e Drivers/STM32WBxx_HAL_Driver/stm32wbxx_hal_rcc_ex.o
 .text.LL_RCC_PLLSAI1_IsReady
                0x0000000008005fe6       0x24 Drivers/STM32WBxx_HAL_Driver/stm32wbxx_hal_rcc_ex.o
 .text.HAL_RCCEx_PeriphCLKConfig
                0x000000000800600a      0x2ea Drivers/STM32WBxx_HAL_Driver/stm32wbxx_hal_rcc_ex.o
                0x000000000800600a                HAL_RCCEx_PeriphCLKConfig
 .text.RCCEx_PLLSAI1_ConfigNP
                0x00000000080062f4       0xb6 Drivers/STM32WBxx_HAL_Driver/stm32wbxx_hal_rcc_ex.o
 .text.RCCEx_PLLSAI1_ConfigNQ
                0x00000000080063aa       0xb6 Drivers/STM32WBxx_HAL_Driver/stm32wbxx_hal_rcc_ex.o
 .text.RCCEx_PLLSAI1_ConfigNR
                0x0000000008006460       0xb6 Drivers/STM32WBxx_HAL_Driver/stm32wbxx_hal_rcc_ex.o
 .text.HAL_RTC_Init
                0x0000000008006516      0x13c Drivers/STM32WBxx_HAL_Driver/stm32wbxx_hal_rtc.o
                0x0000000008006516                HAL_RTC_Init
 .text.HAL_RTC_WaitForSynchro
                0x0000000008006652       0x4c Drivers/STM32WBxx_HAL_Driver/stm32wbxx_hal_rtc.o
                0x0000000008006652                HAL_RTC_WaitForSynchro
 .text.RTC_EnterInitMode
                0x000000000800669e       0x54 Drivers/STM32WBxx_HAL_Driver/stm32wbxx_hal_rtc.o
                0x000000000800669e                RTC_EnterInitMode
 .text.HAL_RTCEx_EnableBypassShadow
                0x00000000080066f2       0x6c Drivers/STM32WBxx_HAL_Driver/stm32wbxx_hal_rtc_ex.o
                0x00000000080066f2                HAL_RTCEx_EnableBypassShadow
 .text.LL_RCC_GetUSARTClockSource
                0x000000000800675e       0x20 Drivers/STM32WBxx_HAL_Driver/stm32wbxx_hal_uart.o
 .text.LL_RCC_GetLPUARTClockSource
                0x000000000800677e       0x20 Drivers/STM32WBxx_HAL_Driver/stm32wbxx_hal_uart.o
 .text.HAL_UART_Init
                0x000000000800679e       0xa0 Drivers/STM32WBxx_HAL_Driver/stm32wbxx_hal_uart.o
                0x000000000800679e                HAL_UART_Init
 *fill*         0x000000000800683e        0x2 
 .text.HAL_UART_Transmit_DMA
                0x0000000008006840      0x100 Drivers/STM32WBxx_HAL_Driver/stm32wbxx_hal_uart.o
                0x0000000008006840                HAL_UART_Transmit_DMA
 .text.HAL_UART_IRQHandler
                0x0000000008006940      0x300 Drivers/STM32WBxx_HAL_Driver/stm32wbxx_hal_uart.o
                0x0000000008006940                HAL_UART_IRQHandler
 .text.HAL_UART_TxHalfCpltCallback
                0x0000000008006c40       0x14 Drivers/STM32WBxx_HAL_Driver/stm32wbxx_hal_uart.o
                0x0000000008006c40                HAL_UART_TxHalfCpltCallback
 .text.HAL_UART_ErrorCallback
                0x0000000008006c54       0x14 Drivers/STM32WBxx_HAL_Driver/stm32wbxx_hal_uart.o
                0x0000000008006c54                HAL_UART_ErrorCallback
 .text.UART_SetConfig
                0x0000000008006c68     0x10c8 Drivers/STM32WBxx_HAL_Driver/stm32wbxx_hal_uart.o
                0x0000000008006c68                UART_SetConfig
 .text.UART_AdvFeatureConfig
                0x0000000008007d30      0x144 Drivers/STM32WBxx_HAL_Driver/stm32wbxx_hal_uart.o
                0x0000000008007d30                UART_AdvFeatureConfig
 .text.UART_CheckIdleState
                0x0000000008007e74       0x90 Drivers/STM32WBxx_HAL_Driver/stm32wbxx_hal_uart.o
                0x0000000008007e74                UART_CheckIdleState
 .text.UART_WaitOnFlagUntilTimeout
                0x0000000008007f04      0x100 Drivers/STM32WBxx_HAL_Driver/stm32wbxx_hal_uart.o
                0x0000000008007f04                UART_WaitOnFlagUntilTimeout
 .text.UART_EndTxTransfer
                0x0000000008008004       0x3c Drivers/STM32WBxx_HAL_Driver/stm32wbxx_hal_uart.o
 .text.UART_EndRxTransfer
                0x0000000008008040       0x46 Drivers/STM32WBxx_HAL_Driver/stm32wbxx_hal_uart.o
 .text.UART_DMATransmitCplt
                0x0000000008008086       0x54 Drivers/STM32WBxx_HAL_Driver/stm32wbxx_hal_uart.o
 .text.UART_DMATxHalfCplt
                0x00000000080080da       0x1c Drivers/STM32WBxx_HAL_Driver/stm32wbxx_hal_uart.o
 .text.UART_DMAError
                0x00000000080080f6       0x80 Drivers/STM32WBxx_HAL_Driver/stm32wbxx_hal_uart.o
 .text.UART_DMAAbortOnError
                0x0000000008008176       0x2c Drivers/STM32WBxx_HAL_Driver/stm32wbxx_hal_uart.o
 .text.UART_EndTransmit_IT
                0x00000000080081a2       0x34 Drivers/STM32WBxx_HAL_Driver/stm32wbxx_hal_uart.o
 .text.HAL_UARTEx_WakeupCallback
                0x00000000080081d6       0x14 Drivers/STM32WBxx_HAL_Driver/stm32wbxx_hal_uart_ex.o
                0x00000000080081d6                HAL_UARTEx_WakeupCallback
 .text.HAL_UARTEx_RxFifoFullCallback
                0x00000000080081ea       0x14 Drivers/STM32WBxx_HAL_Driver/stm32wbxx_hal_uart_ex.o
                0x00000000080081ea                HAL_UARTEx_RxFifoFullCallback
 .text.HAL_UARTEx_TxFifoEmptyCallback
                0x00000000080081fe       0x14 Drivers/STM32WBxx_HAL_Driver/stm32wbxx_hal_uart_ex.o
                0x00000000080081fe                HAL_UARTEx_TxFifoEmptyCallback
 .text.HAL_UARTEx_DisableFifoMode
                0x0000000008008212       0x72 Drivers/STM32WBxx_HAL_Driver/stm32wbxx_hal_uart_ex.o
                0x0000000008008212                HAL_UARTEx_DisableFifoMode
 .text.HAL_UARTEx_SetTxFifoThreshold
                0x0000000008008284       0x7c Drivers/STM32WBxx_HAL_Driver/stm32wbxx_hal_uart_ex.o
                0x0000000008008284                HAL_UARTEx_SetTxFifoThreshold
 .text.HAL_UARTEx_SetRxFifoThreshold
                0x0000000008008300       0x7c Drivers/STM32WBxx_HAL_Driver/stm32wbxx_hal_uart_ex.o
                0x0000000008008300                HAL_UARTEx_SetRxFifoThreshold
 .text.UARTEx_SetNbDataToProcess
                0x000000000800837c       0xd0 Drivers/STM32WBxx_HAL_Driver/stm32wbxx_hal_uart_ex.o
 .text.aci_gap_set_io_capability
                0x000000000800844c       0xa2 Middlewares/STM32_WPAN/ble_gap_aci.o
                0x000000000800844c                aci_gap_set_io_capability
 .text.aci_gap_set_authentication_requirement
                0x00000000080084ee      0x15e Middlewares/STM32_WPAN/ble_gap_aci.o
                0x00000000080084ee                aci_gap_set_authentication_requirement
 .text.aci_gap_init
                0x000000000800864c      0x116 Middlewares/STM32_WPAN/ble_gap_aci.o
                0x000000000800864c                aci_gap_init
 .text.aci_gap_configure_whitelist
                0x0000000008008762       0x52 Middlewares/STM32_WPAN/ble_gap_aci.o
                0x0000000008008762                aci_gap_configure_whitelist
 .text.aci_gap_terminate
                0x00000000080087b4       0xc2 Middlewares/STM32_WPAN/ble_gap_aci.o
                0x00000000080087b4                aci_gap_terminate
 .text.aci_gap_start_general_discovery_proc
                0x0000000008008876       0xfe Middlewares/STM32_WPAN/ble_gap_aci.o
                0x0000000008008876                aci_gap_start_general_discovery_proc
 .text.aci_gap_create_connection
                0x0000000008008974      0x198 Middlewares/STM32_WPAN/ble_gap_aci.o
                0x0000000008008974                aci_gap_create_connection
 .text.aci_gap_terminate_gap_proc
                0x0000000008008b0c       0xa2 Middlewares/STM32_WPAN/ble_gap_aci.o
                0x0000000008008b0c                aci_gap_terminate_gap_proc
 .text.aci_gatt_init
                0x0000000008008bae       0x54 Middlewares/STM32_WPAN/ble_gatt_aci.o
                0x0000000008008bae                aci_gatt_init
 .text.aci_gatt_update_char_value
                0x0000000008008c02      0x11c Middlewares/STM32_WPAN/ble_gatt_aci.o
                0x0000000008008c02                aci_gatt_update_char_value
 .text.aci_gatt_disc_all_primary_services
                0x0000000008008d1e       0xaa Middlewares/STM32_WPAN/ble_gatt_aci.o
                0x0000000008008d1e                aci_gatt_disc_all_primary_services
 .text.aci_gatt_disc_all_char_of_service
                0x0000000008008dc8       0xe4 Middlewares/STM32_WPAN/ble_gatt_aci.o
                0x0000000008008dc8                aci_gatt_disc_all_char_of_service
 .text.aci_gatt_disc_all_char_desc
                0x0000000008008eac       0xe4 Middlewares/STM32_WPAN/ble_gatt_aci.o
                0x0000000008008eac                aci_gatt_disc_all_char_desc
 .text.aci_gatt_write_char_value
                0x0000000008008f90      0x118 Middlewares/STM32_WPAN/ble_gatt_aci.o
                0x0000000008008f90                aci_gatt_write_char_value
 .text.aci_gatt_write_char_desc
                0x00000000080090a8      0x118 Middlewares/STM32_WPAN/ble_gatt_aci.o
                0x00000000080090a8                aci_gatt_write_char_desc
 .text.aci_gatt_write_without_resp
                0x00000000080091c0      0x112 Middlewares/STM32_WPAN/ble_gatt_aci.o
                0x00000000080091c0                aci_gatt_write_without_resp
 .text.aci_hal_write_config_data
                0x00000000080092d2       0xe0 Middlewares/STM32_WPAN/ble_hal_aci.o
                0x00000000080092d2                aci_hal_write_config_data
 .text.aci_hal_set_tx_power_level
                0x00000000080093b2       0xbc Middlewares/STM32_WPAN/ble_hal_aci.o
                0x00000000080093b2                aci_hal_set_tx_power_level
 .text.aci_hal_set_radio_activity_mask
                0x000000000800946e       0xa2 Middlewares/STM32_WPAN/ble_hal_aci.o
                0x000000000800946e                aci_hal_set_radio_activity_mask
 .text.hci_reset
                0x0000000008009510       0x52 Middlewares/STM32_WPAN/ble_hci_le.o
                0x0000000008009510                hci_reset
 .text.aci_l2cap_connection_parameter_update_resp
                0x0000000008009562      0x15e Middlewares/STM32_WPAN/ble_l2cap_aci.o
                0x0000000008009562                aci_l2cap_connection_parameter_update_resp
 .text.DbgTrace_TxCpltCallback
                0x00000000080096c0       0x6c Middlewares/STM32_WPAN/dbg_trace.o
 .text.DbgTraceInit
                0x000000000800972c       0x2c Middlewares/STM32_WPAN/dbg_trace.o
                0x000000000800972c                DbgTraceInit
 .text._write   0x0000000008009758       0x20 Middlewares/STM32_WPAN/dbg_trace.o
                0x0000000008009758                _write
 .text.DbgTraceWrite
                0x0000000008009778       0xa8 Middlewares/STM32_WPAN/dbg_trace.o
                0x0000000008009778                DbgTraceWrite
 .text.hci_init
                0x0000000008009820       0x38 Middlewares/STM32_WPAN/hci_tl.o
                0x0000000008009820                hci_init
 .text.hci_user_evt_proc
                0x0000000008009858       0x7c Middlewares/STM32_WPAN/hci_tl.o
                0x0000000008009858                hci_user_evt_proc
 .text.hci_send_req
                0x00000000080098d4       0xfc Middlewares/STM32_WPAN/hci_tl.o
                0x00000000080098d4                hci_send_req
 .text.TlInit   0x00000000080099d0       0x60 Middlewares/STM32_WPAN/hci_tl.o
 .text.SendCmd  0x0000000008009a30       0x4c Middlewares/STM32_WPAN/hci_tl.o
 .text.NotifyCmdStatus
                0x0000000008009a7c       0x40 Middlewares/STM32_WPAN/hci_tl.o
 .text.TlEvtReceived
                0x0000000008009abc       0x48 Middlewares/STM32_WPAN/hci_tl.o
 .text.hci_register_io_bus
                0x0000000008009b04       0x28 Middlewares/STM32_WPAN/hci_tl_if.o
                0x0000000008009b04                hci_register_io_bus
 .text.Osal_MemCpy
                0x0000000008009b2c       0x20 Middlewares/STM32_WPAN/osal.o
                0x0000000008009b2c                Osal_MemCpy
 .text.Osal_MemSet
                0x0000000008009b4c       0x20 Middlewares/STM32_WPAN/osal.o
                0x0000000008009b4c                Osal_MemSet
 .text.OTP_Read
                0x0000000008009b6c       0x50 Middlewares/STM32_WPAN/otp.o
                0x0000000008009b6c                OTP_Read
 .text.SHCI_C2_BLE_Init
                0x0000000008009bbc       0x2e Middlewares/STM32_WPAN/shci.o
                0x0000000008009bbc                SHCI_C2_BLE_Init
 *fill*         0x0000000008009bea        0x2 
 .text.shci_init
                0x0000000008009bec       0x38 Middlewares/STM32_WPAN/shci_tl.o
                0x0000000008009bec                shci_init
 .text.shci_user_evt_proc
                0x0000000008009c24       0x7c Middlewares/STM32_WPAN/shci_tl.o
                0x0000000008009c24                shci_user_evt_proc
 .text.shci_send
                0x0000000008009ca0       0x7c Middlewares/STM32_WPAN/shci_tl.o
                0x0000000008009ca0                shci_send
 .text.TlInit   0x0000000008009d1c       0x64 Middlewares/STM32_WPAN/shci_tl.o
 .text.Cmd_SetStatus
                0x0000000008009d80       0x50 Middlewares/STM32_WPAN/shci_tl.o
 .text.TlCmdEvtReceived
                0x0000000008009dd0       0x16 Middlewares/STM32_WPAN/shci_tl.o
 *fill*         0x0000000008009de6        0x2 
 .text.TlUserEvtReceived
                0x0000000008009de8       0x24 Middlewares/STM32_WPAN/shci_tl.o
 .text.shci_register_io_bus
                0x0000000008009e0c       0x28 Middlewares/STM32_WPAN/shci_tl_if.o
                0x0000000008009e0c                shci_register_io_bus
 .text.LST_init_head
                0x0000000008009e34       0x20 Middlewares/STM32_WPAN/stm_list.o
                0x0000000008009e34                LST_init_head
 .text.LST_is_empty
                0x0000000008009e54       0x40 Middlewares/STM32_WPAN/stm_list.o
                0x0000000008009e54                LST_is_empty
 .text.LST_insert_head
                0x0000000008009e94       0x48 Middlewares/STM32_WPAN/stm_list.o
                0x0000000008009e94                LST_insert_head
 .text.LST_insert_tail
                0x0000000008009edc       0x48 Middlewares/STM32_WPAN/stm_list.o
                0x0000000008009edc                LST_insert_tail
 .text.LST_remove_node
                0x0000000008009f24       0x3e Middlewares/STM32_WPAN/stm_list.o
                0x0000000008009f24                LST_remove_node
 .text.LST_remove_head
                0x0000000008009f62       0x3a Middlewares/STM32_WPAN/stm_list.o
                0x0000000008009f62                LST_remove_head
 .text.CircularQueue_Init
                0x0000000008009f9c       0x64 Middlewares/STM32_WPAN/stm_queue.o
                0x0000000008009f9c                CircularQueue_Init
 .text.CircularQueue_Add
                0x000000000800a000      0x44e Middlewares/STM32_WPAN/stm_queue.o
                0x000000000800a000                CircularQueue_Add
 .text.CircularQueue_Remove
                0x000000000800a44e      0x1e8 Middlewares/STM32_WPAN/stm_queue.o
                0x000000000800a44e                CircularQueue_Remove
 .text.CircularQueue_Sense
                0x000000000800a636      0x16a Middlewares/STM32_WPAN/stm_queue.o
                0x000000000800a636                CircularQueue_Sense
 .text.BLS_Init
                0x000000000800a7a0        0xe Middlewares/STM32_WPAN/svc_ctl.o
                0x000000000800a7a0                BLS_Init
 .text.CRS_STM_Init
                0x000000000800a7ae        0xe Middlewares/STM32_WPAN/svc_ctl.o
                0x000000000800a7ae                CRS_STM_Init
 .text.DIS_Init
                0x000000000800a7bc        0xe Middlewares/STM32_WPAN/svc_ctl.o
                0x000000000800a7bc                DIS_Init
 .text.EDS_STM_Init
                0x000000000800a7ca        0xe Middlewares/STM32_WPAN/svc_ctl.o
                0x000000000800a7ca                EDS_STM_Init
 .text.HIDS_Init
                0x000000000800a7d8        0xe Middlewares/STM32_WPAN/svc_ctl.o
                0x000000000800a7d8                HIDS_Init
 .text.HRS_Init
                0x000000000800a7e6        0xe Middlewares/STM32_WPAN/svc_ctl.o
                0x000000000800a7e6                HRS_Init
 .text.HTS_Init
                0x000000000800a7f4        0xe Middlewares/STM32_WPAN/svc_ctl.o
                0x000000000800a7f4                HTS_Init
 .text.IAS_Init
                0x000000000800a802        0xe Middlewares/STM32_WPAN/svc_ctl.o
                0x000000000800a802                IAS_Init
 .text.LLS_Init
                0x000000000800a810        0xe Middlewares/STM32_WPAN/svc_ctl.o
                0x000000000800a810                LLS_Init
 .text.TPS_Init
                0x000000000800a81e        0xe Middlewares/STM32_WPAN/svc_ctl.o
                0x000000000800a81e                TPS_Init
 .text.P2PS_STM_Init
                0x000000000800a82c        0xe Middlewares/STM32_WPAN/svc_ctl.o
                0x000000000800a82c                P2PS_STM_Init
 .text.OTAS_STM_Init
                0x000000000800a83a        0xe Middlewares/STM32_WPAN/svc_ctl.o
                0x000000000800a83a                OTAS_STM_Init
 .text.MESH_Init
                0x000000000800a848        0xe Middlewares/STM32_WPAN/svc_ctl.o
                0x000000000800a848                MESH_Init
 .text.SVCCTL_InitCustomSvc
                0x000000000800a856        0xe Middlewares/STM32_WPAN/svc_ctl.o
                0x000000000800a856                SVCCTL_InitCustomSvc
 .text.SVCCTL_Init
                0x000000000800a864       0x54 Middlewares/STM32_WPAN/svc_ctl.o
                0x000000000800a864                SVCCTL_Init
 .text.SVCCTL_RegisterCltHandler
                0x000000000800a8b8       0x34 Middlewares/STM32_WPAN/svc_ctl.o
                0x000000000800a8b8                SVCCTL_RegisterCltHandler
 .text.SVCCTL_UserEvtRx
                0x000000000800a8ec       0xdc Middlewares/STM32_WPAN/svc_ctl.o
                0x000000000800a8ec                SVCCTL_UserEvtRx
 .text.TL_Enable
                0x000000000800a9c8        0xc Middlewares/STM32_WPAN/tl_mbox.o
                0x000000000800a9c8                TL_Enable
 .text.TL_Init  0x000000000800a9d4       0x60 Middlewares/STM32_WPAN/tl_mbox.o
                0x000000000800a9d4                TL_Init
 .text.TL_BLE_Init
                0x000000000800aa34       0x68 Middlewares/STM32_WPAN/tl_mbox.o
                0x000000000800aa34                TL_BLE_Init
 .text.TL_BLE_SendCmd
                0x000000000800aa9c       0x28 Middlewares/STM32_WPAN/tl_mbox.o
                0x000000000800aa9c                TL_BLE_SendCmd
 .text.HW_IPCC_BLE_RxEvtNot
                0x000000000800aac4       0x38 Middlewares/STM32_WPAN/tl_mbox.o
                0x000000000800aac4                HW_IPCC_BLE_RxEvtNot
 .text.HW_IPCC_BLE_AclDataAckNot
                0x000000000800aafc       0x14 Middlewares/STM32_WPAN/tl_mbox.o
                0x000000000800aafc                HW_IPCC_BLE_AclDataAckNot
 .text.TL_SYS_Init
                0x000000000800ab10       0x54 Middlewares/STM32_WPAN/tl_mbox.o
                0x000000000800ab10                TL_SYS_Init
 .text.TL_SYS_SendCmd
                0x000000000800ab64       0x28 Middlewares/STM32_WPAN/tl_mbox.o
                0x000000000800ab64                TL_SYS_SendCmd
 .text.HW_IPCC_SYS_CmdEvtNot
                0x000000000800ab8c       0x20 Middlewares/STM32_WPAN/tl_mbox.o
                0x000000000800ab8c                HW_IPCC_SYS_CmdEvtNot
 .text.HW_IPCC_SYS_EvtNot
                0x000000000800abac       0x38 Middlewares/STM32_WPAN/tl_mbox.o
                0x000000000800abac                HW_IPCC_SYS_EvtNot
 .text.TL_MM_Init
                0x000000000800abe4       0x78 Middlewares/STM32_WPAN/tl_mbox.o
                0x000000000800abe4                TL_MM_Init
 .text.TL_MM_EvtDone
                0x000000000800ac5c       0x28 Middlewares/STM32_WPAN/tl_mbox.o
                0x000000000800ac5c                TL_MM_EvtDone
 .text.SendFreeBuf
                0x000000000800ac84       0x40 Middlewares/STM32_WPAN/tl_mbox.o
 .text.TL_TRACES_Init
                0x000000000800acc4       0x24 Middlewares/STM32_WPAN/tl_mbox.o
                0x000000000800acc4                TL_TRACES_Init
 .text.HW_IPCC_TRACES_EvtNot
                0x000000000800ace8       0x34 Middlewares/STM32_WPAN/tl_mbox.o
                0x000000000800ace8                HW_IPCC_TRACES_EvtNot
 .text.TL_TRACES_EvtReceived
                0x000000000800ad1c       0x14 Middlewares/STM32_WPAN/tl_mbox.o
                0x000000000800ad1c                TL_TRACES_EvtReceived
 .text.UTIL_LPM_Init
                0x000000000800ad30       0x24 Utilities/stm32_lpm.o
                0x000000000800ad30                UTIL_LPM_Init
 .text.UTIL_LPM_SetOffMode
                0x000000000800ad54       0x5c Utilities/stm32_lpm.o
                0x000000000800ad54                UTIL_LPM_SetOffMode
 .text.UTIL_SEQ_Run
                0x000000000800adb0      0x1b8 Utilities/stm32_seq.o
                0x000000000800adb0                UTIL_SEQ_Run
 .text.UTIL_SEQ_RegTask
                0x000000000800af68       0x40 Utilities/stm32_seq.o
                0x000000000800af68                UTIL_SEQ_RegTask
 .text.UTIL_SEQ_SetTask
                0x000000000800afa8       0x54 Utilities/stm32_seq.o
                0x000000000800afa8                UTIL_SEQ_SetTask
 .text.UTIL_SEQ_PauseTask
                0x000000000800affc       0x3c Utilities/stm32_seq.o
                0x000000000800affc                UTIL_SEQ_PauseTask
 .text.UTIL_SEQ_ResumeTask
                0x000000000800b038       0x3c Utilities/stm32_seq.o
                0x000000000800b038                UTIL_SEQ_ResumeTask
 .text.UTIL_SEQ_SetEvt
                0x000000000800b074       0x3c Utilities/stm32_seq.o
                0x000000000800b074                UTIL_SEQ_SetEvt
 .text.UTIL_SEQ_WaitEvt
                0x000000000800b0b0       0x68 Utilities/stm32_seq.o
                0x000000000800b0b0                UTIL_SEQ_WaitEvt
 .text.UTIL_SEQ_PreIdle
                0x000000000800b118        0xe Utilities/stm32_seq.o
                0x000000000800b118                UTIL_SEQ_PreIdle
 .text.UTIL_SEQ_PostIdle
                0x000000000800b126        0xe Utilities/stm32_seq.o
                0x000000000800b126                UTIL_SEQ_PostIdle
 .text.bit_position
                0x000000000800b134       0x74 Utilities/stm32_seq.o
 .text.__errno  0x000000000800b1a8        0xc c:/st/stm32cubeide_1.0.1/stm32cubeide/plugins/com.st.stm32cube.ide.mcu.externaltools.gnu-tools-for-stm32.7-2018-q2-update.win32_1.0.0.201904181610/tools/bin/../lib/gcc/arm-none-eabi/7.3.1/../../../../arm-none-eabi/lib/thumb/v7e-m/fpv4-sp/hard\libc_nano.a(lib_a-errno.o)
                0x000000000800b1a8                __errno
 .text.__libc_init_array
                0x000000000800b1b4       0x48 c:/st/stm32cubeide_1.0.1/stm32cubeide/plugins/com.st.stm32cube.ide.mcu.externaltools.gnu-tools-for-stm32.7-2018-q2-update.win32_1.0.0.201904181610/tools/bin/../lib/gcc/arm-none-eabi/7.3.1/../../../../arm-none-eabi/lib/thumb/v7e-m/fpv4-sp/hard\libc_nano.a(lib_a-init.o)
                0x000000000800b1b4                __libc_init_array
 .text.memcpy   0x000000000800b1fc       0x16 c:/st/stm32cubeide_1.0.1/stm32cubeide/plugins/com.st.stm32cube.ide.mcu.externaltools.gnu-tools-for-stm32.7-2018-q2-update.win32_1.0.0.201904181610/tools/bin/../lib/gcc/arm-none-eabi/7.3.1/../../../../arm-none-eabi/lib/thumb/v7e-m/fpv4-sp/hard\libc_nano.a(lib_a-memcpy-stub.o)
                0x000000000800b1fc                memcpy
 .text.memset   0x000000000800b212       0x10 c:/st/stm32cubeide_1.0.1/stm32cubeide/plugins/com.st.stm32cube.ide.mcu.externaltools.gnu-tools-for-stm32.7-2018-q2-update.win32_1.0.0.201904181610/tools/bin/../lib/gcc/arm-none-eabi/7.3.1/../../../../arm-none-eabi/lib/thumb/v7e-m/fpv4-sp/hard\libc_nano.a(lib_a-memset.o)
                0x000000000800b212                memset
 *fill*         0x000000000800b222        0x2 
 .text.printf   0x000000000800b224       0x30 c:/st/stm32cubeide_1.0.1/stm32cubeide/plugins/com.st.stm32cube.ide.mcu.externaltools.gnu-tools-for-stm32.7-2018-q2-update.win32_1.0.0.201904181610/tools/bin/../lib/gcc/arm-none-eabi/7.3.1/../../../../arm-none-eabi/lib/thumb/v7e-m/fpv4-sp/hard\libc_nano.a(lib_a-printf.o)
                0x000000000800b224                iprintf
                0x000000000800b224                printf
 .text.putchar  0x000000000800b254       0x28 c:/st/stm32cubeide_1.0.1/stm32cubeide/plugins/com.st.stm32cube.ide.mcu.externaltools.gnu-tools-for-stm32.7-2018-q2-update.win32_1.0.0.201904181610/tools/bin/../lib/gcc/arm-none-eabi/7.3.1/../../../../arm-none-eabi/lib/thumb/v7e-m/fpv4-sp/hard\libc_nano.a(lib_a-putchar.o)
                0x000000000800b254                putchar
 .text._puts_r  0x000000000800b27c       0xb8 c:/st/stm32cubeide_1.0.1/stm32cubeide/plugins/com.st.stm32cube.ide.mcu.externaltools.gnu-tools-for-stm32.7-2018-q2-update.win32_1.0.0.201904181610/tools/bin/../lib/gcc/arm-none-eabi/7.3.1/../../../../arm-none-eabi/lib/thumb/v7e-m/fpv4-sp/hard\libc_nano.a(lib_a-puts.o)
                0x000000000800b27c                _puts_r
 .text.puts     0x000000000800b334       0x10 c:/st/stm32cubeide_1.0.1/stm32cubeide/plugins/com.st.stm32cube.ide.mcu.externaltools.gnu-tools-for-stm32.7-2018-q2-update.win32_1.0.0.201904181610/tools/bin/../lib/gcc/arm-none-eabi/7.3.1/../../../../arm-none-eabi/lib/thumb/v7e-m/fpv4-sp/hard\libc_nano.a(lib_a-puts.o)
                0x000000000800b334                puts
 .text.strstr   0x000000000800b344       0x34 c:/st/stm32cubeide_1.0.1/stm32cubeide/plugins/com.st.stm32cube.ide.mcu.externaltools.gnu-tools-for-stm32.7-2018-q2-update.win32_1.0.0.201904181610/tools/bin/../lib/gcc/arm-none-eabi/7.3.1/../../../../arm-none-eabi/lib/thumb/v7e-m/fpv4-sp/hard\libc_nano.a(lib_a-strstr.o)
                0x000000000800b344                strstr
 .text.__swbuf_r
                0x000000000800b378       0xa4 c:/st/stm32cubeide_1.0.1/stm32cubeide/plugins/com.st.stm32cube.ide.mcu.externaltools.gnu-tools-for-stm32.7-2018-q2-update.win32_1.0.0.201904181610/tools/bin/../lib/gcc/arm-none-eabi/7.3.1/../../../../arm-none-eabi/lib/thumb/v7e-m/fpv4-sp/hard\libc_nano.a(lib_a-wbuf.o)
                0x000000000800b378                __swbuf_r
 .text.__swsetup_r
                0x000000000800b41c       0xdc c:/st/stm32cubeide_1.0.1/stm32cubeide/plugins/com.st.stm32cube.ide.mcu.externaltools.gnu-tools-for-stm32.7-2018-q2-update.win32_1.0.0.201904181610/tools/bin/../lib/gcc/arm-none-eabi/7.3.1/../../../../arm-none-eabi/lib/thumb/v7e-m/fpv4-sp/hard\libc_nano.a(lib_a-wsetup.o)
                0x000000000800b41c                __swsetup_r
 .text.__sflush_r
                0x000000000800b4f8      0x10c c:/st/stm32cubeide_1.0.1/stm32cubeide/plugins/com.st.stm32cube.ide.mcu.externaltools.gnu-tools-for-stm32.7-2018-q2-update.win32_1.0.0.201904181610/tools/bin/../lib/gcc/arm-none-eabi/7.3.1/../../../../arm-none-eabi/lib/thumb/v7e-m/fpv4-sp/hard\libc_nano.a(lib_a-fflush.o)
                0x000000000800b4f8                __sflush_r
 .text._fflush_r
                0x000000000800b604       0x54 c:/st/stm32cubeide_1.0.1/stm32cubeide/plugins/com.st.stm32cube.ide.mcu.externaltools.gnu-tools-for-stm32.7-2018-q2-update.win32_1.0.0.201904181610/tools/bin/../lib/gcc/arm-none-eabi/7.3.1/../../../../arm-none-eabi/lib/thumb/v7e-m/fpv4-sp/hard\libc_nano.a(lib_a-fflush.o)
                0x000000000800b604                _fflush_r
 .text.std      0x000000000800b658       0x48 c:/st/stm32cubeide_1.0.1/stm32cubeide/plugins/com.st.stm32cube.ide.mcu.externaltools.gnu-tools-for-stm32.7-2018-q2-update.win32_1.0.0.201904181610/tools/bin/../lib/gcc/arm-none-eabi/7.3.1/../../../../arm-none-eabi/lib/thumb/v7e-m/fpv4-sp/hard\libc_nano.a(lib_a-findfp.o)
 .text._cleanup_r
                0x000000000800b6a0        0xc c:/st/stm32cubeide_1.0.1/stm32cubeide/plugins/com.st.stm32cube.ide.mcu.externaltools.gnu-tools-for-stm32.7-2018-q2-update.win32_1.0.0.201904181610/tools/bin/../lib/gcc/arm-none-eabi/7.3.1/../../../../arm-none-eabi/lib/thumb/v7e-m/fpv4-sp/hard\libc_nano.a(lib_a-findfp.o)
                0x000000000800b6a0                _cleanup_r
 .text.__sfmoreglue
                0x000000000800b6ac       0x2c c:/st/stm32cubeide_1.0.1/stm32cubeide/plugins/com.st.stm32cube.ide.mcu.externaltools.gnu-tools-for-stm32.7-2018-q2-update.win32_1.0.0.201904181610/tools/bin/../lib/gcc/arm-none-eabi/7.3.1/../../../../arm-none-eabi/lib/thumb/v7e-m/fpv4-sp/hard\libc_nano.a(lib_a-findfp.o)
                0x000000000800b6ac                __sfmoreglue
 .text.__sinit  0x000000000800b6d8       0x60 c:/st/stm32cubeide_1.0.1/stm32cubeide/plugins/com.st.stm32cube.ide.mcu.externaltools.gnu-tools-for-stm32.7-2018-q2-update.win32_1.0.0.201904181610/tools/bin/../lib/gcc/arm-none-eabi/7.3.1/../../../../arm-none-eabi/lib/thumb/v7e-m/fpv4-sp/hard\libc_nano.a(lib_a-findfp.o)
                0x000000000800b6d8                __sinit
 .text.__sfp    0x000000000800b738       0x78 c:/st/stm32cubeide_1.0.1/stm32cubeide/plugins/com.st.stm32cube.ide.mcu.externaltools.gnu-tools-for-stm32.7-2018-q2-update.win32_1.0.0.201904181610/tools/bin/../lib/gcc/arm-none-eabi/7.3.1/../../../../arm-none-eabi/lib/thumb/v7e-m/fpv4-sp/hard\libc_nano.a(lib_a-findfp.o)
                0x000000000800b738                __sfp
 .text._fwalk_reent
                0x000000000800b7b0       0x3c c:/st/stm32cubeide_1.0.1/stm32cubeide/plugins/com.st.stm32cube.ide.mcu.externaltools.gnu-tools-for-stm32.7-2018-q2-update.win32_1.0.0.201904181610/tools/bin/../lib/gcc/arm-none-eabi/7.3.1/../../../../arm-none-eabi/lib/thumb/v7e-m/fpv4-sp/hard\libc_nano.a(lib_a-fwalk.o)
                0x000000000800b7b0                _fwalk_reent
 .text.__swhatbuf_r
                0x000000000800b7ec       0x48 c:/st/stm32cubeide_1.0.1/stm32cubeide/plugins/com.st.stm32cube.ide.mcu.externaltools.gnu-tools-for-stm32.7-2018-q2-update.win32_1.0.0.201904181610/tools/bin/../lib/gcc/arm-none-eabi/7.3.1/../../../../arm-none-eabi/lib/thumb/v7e-m/fpv4-sp/hard\libc_nano.a(lib_a-makebuf.o)
                0x000000000800b7ec                __swhatbuf_r
 .text.__smakebuf_r
                0x000000000800b834       0x80 c:/st/stm32cubeide_1.0.1/stm32cubeide/plugins/com.st.stm32cube.ide.mcu.externaltools.gnu-tools-for-stm32.7-2018-q2-update.win32_1.0.0.201904181610/tools/bin/../lib/gcc/arm-none-eabi/7.3.1/../../../../arm-none-eabi/lib/thumb/v7e-m/fpv4-sp/hard\libc_nano.a(lib_a-makebuf.o)
                0x000000000800b834                __smakebuf_r
 .text._free_r  0x000000000800b8b4       0x9c c:/st/stm32cubeide_1.0.1/stm32cubeide/plugins/com.st.stm32cube.ide.mcu.externaltools.gnu-tools-for-stm32.7-2018-q2-update.win32_1.0.0.201904181610/tools/bin/../lib/gcc/arm-none-eabi/7.3.1/../../../../arm-none-eabi/lib/thumb/v7e-m/fpv4-sp/hard\libc_nano.a(lib_a-nano-freer.o)
                0x000000000800b8b4                _free_r
 .text._malloc_r
                0x000000000800b950       0xb4 c:/st/stm32cubeide_1.0.1/stm32cubeide/plugins/com.st.stm32cube.ide.mcu.externaltools.gnu-tools-for-stm32.7-2018-q2-update.win32_1.0.0.201904181610/tools/bin/../lib/gcc/arm-none-eabi/7.3.1/../../../../arm-none-eabi/lib/thumb/v7e-m/fpv4-sp/hard\libc_nano.a(lib_a-nano-mallocr.o)
                0x000000000800b950                _malloc_r
 .text.__sfputc_r
                0x000000000800ba04       0x2e c:/st/stm32cubeide_1.0.1/stm32cubeide/plugins/com.st.stm32cube.ide.mcu.externaltools.gnu-tools-for-stm32.7-2018-q2-update.win32_1.0.0.201904181610/tools/bin/../lib/gcc/arm-none-eabi/7.3.1/../../../../arm-none-eabi/lib/thumb/v7e-m/fpv4-sp/hard\libc_nano.a(lib_a-nano-vfprintf.o)
 .text.__sfputs_r
                0x000000000800ba32       0x24 c:/st/stm32cubeide_1.0.1/stm32cubeide/plugins/com.st.stm32cube.ide.mcu.externaltools.gnu-tools-for-stm32.7-2018-q2-update.win32_1.0.0.201904181610/tools/bin/../lib/gcc/arm-none-eabi/7.3.1/../../../../arm-none-eabi/lib/thumb/v7e-m/fpv4-sp/hard\libc_nano.a(lib_a-nano-vfprintf.o)
                0x000000000800ba32                __sfputs_r
 *fill*         0x000000000800ba56        0x2 
 .text._vfprintf_r
                0x000000000800ba58      0x22c c:/st/stm32cubeide_1.0.1/stm32cubeide/plugins/com.st.stm32cube.ide.mcu.externaltools.gnu-tools-for-stm32.7-2018-q2-update.win32_1.0.0.201904181610/tools/bin/../lib/gcc/arm-none-eabi/7.3.1/../../../../arm-none-eabi/lib/thumb/v7e-m/fpv4-sp/hard\libc_nano.a(lib_a-nano-vfprintf.o)
                0x000000000800ba58                _vfprintf_r
                0x000000000800ba58                _vfiprintf_r
 .text._printf_common
                0x000000000800bc84       0xea c:/st/stm32cubeide_1.0.1/stm32cubeide/plugins/com.st.stm32cube.ide.mcu.externaltools.gnu-tools-for-stm32.7-2018-q2-update.win32_1.0.0.201904181610/tools/bin/../lib/gcc/arm-none-eabi/7.3.1/../../../../arm-none-eabi/lib/thumb/v7e-m/fpv4-sp/hard\libc_nano.a(lib_a-nano-vfprintf_i.o)
                0x000000000800bc84                _printf_common
 *fill*         0x000000000800bd6e        0x2 
 .text._printf_i
                0x000000000800bd70      0x224 c:/st/stm32cubeide_1.0.1/stm32cubeide/plugins/com.st.stm32cube.ide.mcu.externaltools.gnu-tools-for-stm32.7-2018-q2-update.win32_1.0.0.201904181610/tools/bin/../lib/gcc/arm-none-eabi/7.3.1/../../../../arm-none-eabi/lib/thumb/v7e-m/fpv4-sp/hard\libc_nano.a(lib_a-nano-vfprintf_i.o)
                0x000000000800bd70                _printf_i
 .text._putc_r  0x000000000800bf94       0x6c c:/st/stm32cubeide_1.0.1/stm32cubeide/plugins/com.st.stm32cube.ide.mcu.externaltools.gnu-tools-for-stm32.7-2018-q2-update.win32_1.0.0.201904181610/tools/bin/../lib/gcc/arm-none-eabi/7.3.1/../../../../arm-none-eabi/lib/thumb/v7e-m/fpv4-sp/hard\libc_nano.a(lib_a-putc.o)
                0x000000000800bf94                _putc_r
 .text._sbrk_r  0x000000000800c000       0x20 c:/st/stm32cubeide_1.0.1/stm32cubeide/plugins/com.st.stm32cube.ide.mcu.externaltools.gnu-tools-for-stm32.7-2018-q2-update.win32_1.0.0.201904181610/tools/bin/../lib/gcc/arm-none-eabi/7.3.1/../../../../arm-none-eabi/lib/thumb/v7e-m/fpv4-sp/hard\libc_nano.a(lib_a-sbrkr.o)
                0x000000000800c000                _sbrk_r
 .text.__sread  0x000000000800c020       0x22 c:/st/stm32cubeide_1.0.1/stm32cubeide/plugins/com.st.stm32cube.ide.mcu.externaltools.gnu-tools-for-stm32.7-2018-q2-update.win32_1.0.0.201904181610/tools/bin/../lib/gcc/arm-none-eabi/7.3.1/../../../../arm-none-eabi/lib/thumb/v7e-m/fpv4-sp/hard\libc_nano.a(lib_a-stdio.o)
                0x000000000800c020                __sread
 .text.__swrite
                0x000000000800c042       0x38 c:/st/stm32cubeide_1.0.1/stm32cubeide/plugins/com.st.stm32cube.ide.mcu.externaltools.gnu-tools-for-stm32.7-2018-q2-update.win32_1.0.0.201904181610/tools/bin/../lib/gcc/arm-none-eabi/7.3.1/../../../../arm-none-eabi/lib/thumb/v7e-m/fpv4-sp/hard\libc_nano.a(lib_a-stdio.o)
                0x000000000800c042                __swrite
 .text.__sseek  0x000000000800c07a       0x24 c:/st/stm32cubeide_1.0.1/stm32cubeide/plugins/com.st.stm32cube.ide.mcu.externaltools.gnu-tools-for-stm32.7-2018-q2-update.win32_1.0.0.201904181610/tools/bin/../lib/gcc/arm-none-eabi/7.3.1/../../../../arm-none-eabi/lib/thumb/v7e-m/fpv4-sp/hard\libc_nano.a(lib_a-stdio.o)
                0x000000000800c07a                __sseek
 .text.__sclose
                0x000000000800c09e        0x8 c:/st/stm32cubeide_1.0.1/stm32cubeide/plugins/com.st.stm32cube.ide.mcu.externaltools.gnu-tools-for-stm32.7-2018-q2-update.win32_1.0.0.201904181610/tools/bin/../lib/gcc/arm-none-eabi/7.3.1/../../../../arm-none-eabi/lib/thumb/v7e-m/fpv4-sp/hard\libc_nano.a(lib_a-stdio.o)
                0x000000000800c09e                __sclose
 *fill*         0x000000000800c0a6        0x2 
 .text._write_r
                0x000000000800c0a8       0x24 c:/st/stm32cubeide_1.0.1/stm32cubeide/plugins/com.st.stm32cube.ide.mcu.externaltools.gnu-tools-for-stm32.7-2018-q2-update.win32_1.0.0.201904181610/tools/bin/../lib/gcc/arm-none-eabi/7.3.1/../../../../arm-none-eabi/lib/thumb/v7e-m/fpv4-sp/hard\libc_nano.a(lib_a-writer.o)
                0x000000000800c0a8                _write_r
 .text._close_r
                0x000000000800c0cc       0x20 c:/st/stm32cubeide_1.0.1/stm32cubeide/plugins/com.st.stm32cube.ide.mcu.externaltools.gnu-tools-for-stm32.7-2018-q2-update.win32_1.0.0.201904181610/tools/bin/../lib/gcc/arm-none-eabi/7.3.1/../../../../arm-none-eabi/lib/thumb/v7e-m/fpv4-sp/hard\libc_nano.a(lib_a-closer.o)
                0x000000000800c0cc                _close_r
 .text._fstat_r
                0x000000000800c0ec       0x24 c:/st/stm32cubeide_1.0.1/stm32cubeide/plugins/com.st.stm32cube.ide.mcu.externaltools.gnu-tools-for-stm32.7-2018-q2-update.win32_1.0.0.201904181610/tools/bin/../lib/gcc/arm-none-eabi/7.3.1/../../../../arm-none-eabi/lib/thumb/v7e-m/fpv4-sp/hard\libc_nano.a(lib_a-fstatr.o)
                0x000000000800c0ec                _fstat_r
 .text._isatty_r
                0x000000000800c110       0x20 c:/st/stm32cubeide_1.0.1/stm32cubeide/plugins/com.st.stm32cube.ide.mcu.externaltools.gnu-tools-for-stm32.7-2018-q2-update.win32_1.0.0.201904181610/tools/bin/../lib/gcc/arm-none-eabi/7.3.1/../../../../arm-none-eabi/lib/thumb/v7e-m/fpv4-sp/hard\libc_nano.a(lib_a-isattyr.o)
                0x000000000800c110                _isatty_r
 .text._lseek_r
                0x000000000800c130       0x24 c:/st/stm32cubeide_1.0.1/stm32cubeide/plugins/com.st.stm32cube.ide.mcu.externaltools.gnu-tools-for-stm32.7-2018-q2-update.win32_1.0.0.201904181610/tools/bin/../lib/gcc/arm-none-eabi/7.3.1/../../../../arm-none-eabi/lib/thumb/v7e-m/fpv4-sp/hard\libc_nano.a(lib_a-lseekr.o)
                0x000000000800c130                _lseek_r
 .text.__malloc_lock
                0x000000000800c154        0x2 c:/st/stm32cubeide_1.0.1/stm32cubeide/plugins/com.st.stm32cube.ide.mcu.externaltools.gnu-tools-for-stm32.7-2018-q2-update.win32_1.0.0.201904181610/tools/bin/../lib/gcc/arm-none-eabi/7.3.1/../../../../arm-none-eabi/lib/thumb/v7e-m/fpv4-sp/hard\libc_nano.a(lib_a-mlock.o)
                0x000000000800c154                __malloc_lock
 .text.__malloc_unlock
                0x000000000800c156        0x2 c:/st/stm32cubeide_1.0.1/stm32cubeide/plugins/com.st.stm32cube.ide.mcu.externaltools.gnu-tools-for-stm32.7-2018-q2-update.win32_1.0.0.201904181610/tools/bin/../lib/gcc/arm-none-eabi/7.3.1/../../../../arm-none-eabi/lib/thumb/v7e-m/fpv4-sp/hard\libc_nano.a(lib_a-mlock.o)
                0x000000000800c156                __malloc_unlock
 .text._read_r  0x000000000800c158       0x24 c:/st/stm32cubeide_1.0.1/stm32cubeide/plugins/com.st.stm32cube.ide.mcu.externaltools.gnu-tools-for-stm32.7-2018-q2-update.win32_1.0.0.201904181610/tools/bin/../lib/gcc/arm-none-eabi/7.3.1/../../../../arm-none-eabi/lib/thumb/v7e-m/fpv4-sp/hard\libc_nano.a(lib_a-readr.o)
                0x000000000800c158                _read_r
 *(.glue_7)
 .glue_7        0x000000000800c17c        0x0 linker stubs
 *(.glue_7t)
 .glue_7t       0x000000000800c17c        0x0 linker stubs
 *(.eh_frame)
 .eh_frame      0x000000000800c17c        0x0 c:/st/stm32cubeide_1.0.1/stm32cubeide/plugins/com.st.stm32cube.ide.mcu.externaltools.gnu-tools-for-stm32.7-2018-q2-update.win32_1.0.0.201904181610/tools/bin/../lib/gcc/arm-none-eabi/7.3.1/thumb/v7e-m/fpv4-sp/hard/crtbegin.o
 *(.init)
 .init          0x000000000800c17c        0x4 c:/st/stm32cubeide_1.0.1/stm32cubeide/plugins/com.st.stm32cube.ide.mcu.externaltools.gnu-tools-for-stm32.7-2018-q2-update.win32_1.0.0.201904181610/tools/bin/../lib/gcc/arm-none-eabi/7.3.1/thumb/v7e-m/fpv4-sp/hard/crti.o
                0x000000000800c17c                _init
 .init          0x000000000800c180        0x8 c:/st/stm32cubeide_1.0.1/stm32cubeide/plugins/com.st.stm32cube.ide.mcu.externaltools.gnu-tools-for-stm32.7-2018-q2-update.win32_1.0.0.201904181610/tools/bin/../lib/gcc/arm-none-eabi/7.3.1/thumb/v7e-m/fpv4-sp/hard/crtn.o
 *(.fini)
 .fini          0x000000000800c188        0x4 c:/st/stm32cubeide_1.0.1/stm32cubeide/plugins/com.st.stm32cube.ide.mcu.externaltools.gnu-tools-for-stm32.7-2018-q2-update.win32_1.0.0.201904181610/tools/bin/../lib/gcc/arm-none-eabi/7.3.1/thumb/v7e-m/fpv4-sp/hard/crti.o
                0x000000000800c188                _fini
 .fini          0x000000000800c18c        0x8 c:/st/stm32cubeide_1.0.1/stm32cubeide/plugins/com.st.stm32cube.ide.mcu.externaltools.gnu-tools-for-stm32.7-2018-q2-update.win32_1.0.0.201904181610/tools/bin/../lib/gcc/arm-none-eabi/7.3.1/thumb/v7e-m/fpv4-sp/hard/crtn.o
                0x000000000800c194                . = ALIGN (0x4)
                0x000000000800c194                _etext = .

.vfp11_veneer   0x000000000800c194        0x0
 .vfp11_veneer  0x000000000800c194        0x0 linker stubs

.v4_bx          0x000000000800c194        0x0
 .v4_bx         0x000000000800c194        0x0 linker stubs

.iplt           0x000000000800c194        0x0