stm32wbxx_ll_exti.h:348:22:LL_EXTI_EnableIT_32_63	16	static
stm32wbxx_ll_exti.h:374:22:LL_C2_EXTI_EnableIT_32_63	16	static
stm32wbxx_ll_rcc.h:2331:22:LL_RCC_SetClkAfterWakeFromStop	16	static
app_entry.c:87:6:APPE_Init	8	static
app_entry.c:127:13:Init_Debug	8	static
app_entry.c:177:13:SystemPower_Config	8	static
app_entry.c:198:13:appe_Tl_Init	40	static
app_entry.c:225:13:APPE_SysStatusNot	16	static
app_entry.c:231:13:APPE_SysUserEvtRx	16	static
app_entry.c:243:13:Led_Init	8	static
app_entry.c:260:13:Button_Init	8	static
app_entry.c:280:6:UTIL_SEQ_Idle	4	static
app_entry.c:296:6:UTIL_SEQ_EvtIdle	16	static
app_entry.c:301:6:shci_notify_asynch_evt	16	static
app_entry.c:307:6:shci_cmd_resp_release	16	static
app_entry.c:313:6:shci_cmd_resp_wait	16	static
app_entry.c:325:6:DbgOutputInit	8	static
app_entry.c:339:6:DbgOutputTraces	24	static
app_entry.c:348:6:HAL_GPIO_EXTI_Callback	16	static
