stm32wbxx_ll_exti.h:416:22:LL_EXTI_DisableIT_0_31	16	static
stm32wbxx_ll_exti.h:484:22:LL_EXTI_DisableIT_32_63	16	static
stm32wbxx_ll_rcc.h:1347:22:LL_RCC_HSE_SetCapacitorTuning	16	static
stm32wbxx_ll_rcc.h:1561:22:LL_RCC_HSI48_Enable	4	static
stm32wbxx_ll_rcc.h:1581:26:LL_RCC_HSI48_IsReady	4	static
stm32wbxx_ll_rcc.h:1609:22:LL_RCC_LSE_Enable	4	static
stm32wbxx_ll_rcc.h:1711:26:LL_RCC_LSE_IsReady	4	static
stm32wbxx_ll_rcc.h:1749:22:LL_RCC_LSI1_Disable	4	static
stm32wbxx_ll_rcc.h:2085:22:LL_RCC_SetRFWKPClockSource	16	static
stm32wbxx_ll_rcc.h:2588:22:LL_RCC_SetCLK48ClockSource	16	static
stm32wbxx_ll_rcc.h:2881:22:LL_RCC_ForceBackupDomainReset	4	static
stm32wbxx_ll_rcc.h:2891:22:LL_RCC_ReleaseBackupDomainReset	4	static
stm32wbxx_ll_rcc.h:4033:26:LL_RCC_IsActiveFlag_PINRST	4	static
stm32wbxx_ll_rcc.h:4043:26:LL_RCC_IsActiveFlag_SFTRST	4	static
stm32wbxx_ll_bus.h:340:22:LL_AHB1_GRP1_EnableClock	24	static
stm32wbxx_ll_bus.h:508:22:LL_AHB2_GRP1_EnableClock	24	static
stm32wbxx_ll_bus.h:706:22:LL_AHB3_GRP1_EnableClock	24	static
stm32wbxx_ll_ipcc.h:313:22:LL_C1_IPCC_DisableTransmitChannel	16	static
stm32wbxx_ll_ipcc.h:382:22:LL_C1_IPCC_DisableReceiveChannel	16	static
stm32wbxx_ll_ipcc.h:451:22:LL_C2_IPCC_DisableTransmitChannel	16	static
stm32wbxx_ll_ipcc.h:520:22:LL_C2_IPCC_DisableReceiveChannel	16	static
stm32wbxx_ll_ipcc.h:575:22:LL_C1_IPCC_ClearFlag_CHx	16	static
stm32wbxx_ll_ipcc.h:646:22:LL_C2_IPCC_ClearFlag_CHx	16	static
main.c:108:5:main	8	static
main.c:158:6:SystemClock_Config	192	static
main.c:219:6:MX_LPUART1_UART_Init	8	static
main.c:267:6:MX_USART1_UART_Init	8	static
main.c:315:13:MX_RF_Init	4	static
main.c:336:13:MX_RTC_Init	8	static
main.c:368:13:MX_DMA_Init	8	static
main.c:390:13:MX_GPIO_Init	8	static
main.c:401:6:PeriphClock_Config	8	static
main.c:472:13:Config_HSE	16	static
main.c:489:13:Reset_Device	8	static
main.c:500:13:Reset_IPCC	8	static
main.c:537:13:Reset_BackupDomain	8	static
main.c:556:13:Init_Exti	8	static
main.c:574:19:HAL_InitTick	16	static
main.c:582:6:HAL_Delay	16	static
main.c:592:6:Error_Handler	4	static
