stm32wbxx_ll_pwr.h:529:22:LL_PWR_SetPowerMode	16	static
stm32wbxx_ll_pwr.h:1982:22:LL_PWR_ClearFlag_WU	4	static
stm32wbxx_ll_pwr.h:2368:26:LL_PWR_IsActiveFlag_C2DS	4	static
stm32wbxx_ll_rcc.h:1306:22:LL_RCC_HSE_Enable	4	static
stm32wbxx_ll_rcc.h:1326:26:LL_RCC_HSE_IsReady	4	static
stm32wbxx_ll_rcc.h:1468:22:LL_RCC_HSI_Enable	4	static
stm32wbxx_ll_rcc.h:1488:26:LL_RCC_HSI_IsReady	4	static
stm32wbxx_ll_rcc.h:2044:22:LL_RCC_SetSysClkSource	16	static
stm32wbxx_ll_rcc.h:2058:26:LL_RCC_GetSysClkSource	4	static
stm32wbxx_ll_cortex.h:310:22:LL_LPM_EnableSleep	4	static
stm32wbxx_ll_cortex.h:321:22:LL_LPM_EnableDeepSleep	4	static
stm32wbxx_ll_hsem.h:233:26:LL_HSEM_1StepLock	16	static
stm32wbxx_ll_hsem.h:247:22:LL_HSEM_ReleaseLock	24	static
stm32_lpm_if.c:70:6:PWR_EnterOffMode	8	static,ignoring_inline_asm
stm32_lpm_if.c:105:6:PWR_ExitOffMode	4	static
stm32_lpm_if.c:118:6:PWR_EnterStopMode	8	static,ignoring_inline_asm
stm32_lpm_if.c:176:6:PWR_ExitStopMode	8	static
stm32_lpm_if.c:214:6:PWR_EnterSleepMode	8	static,ignoring_inline_asm
stm32_lpm_if.c:239:6:PWR_ExitSleepMode	4	static
stm32_lpm_if.c:256:13:Switch_On_HSI	8	static
