stm32wbxx_it.c:88:6:NMI_Handler	4	static
stm32wbxx_it.c:101:6:HardFault_Handler	4	static
stm32wbxx_it.c:116:6:MemManage_Handler	4	static
stm32wbxx_it.c:131:6:BusFault_Handler	4	static
stm32wbxx_it.c:146:6:UsageFault_Handler	4	static
stm32wbxx_it.c:161:6:SVC_Handler	4	static
stm32wbxx_it.c:174:6:DebugMon_Handler	4	static
stm32wbxx_it.c:187:6:PendSV_Handler	4	static
stm32wbxx_it.c:200:6:SysTick_Handler	8	static
stm32wbxx_it.c:221:6:DMA1_Channel4_IRQHandler	8	static
stm32wbxx_it.c:235:6:USART1_IRQHandler	8	static
stm32wbxx_it.c:249:6:LPUART1_IRQHandler	8	static
stm32wbxx_it.c:263:6:DMA2_Channel4_IRQHandler	8	static
stm32wbxx_it.c:281:6:EXTI4_IRQHandler	8	static
stm32wbxx_it.c:292:6:PUSH_BUTTON_SW2_EXTI_IRQHandler	4	static
stm32wbxx_it.c:297:6:RTC_WKUP_IRQHandler	8	static
stm32wbxx_it.c:302:6:IPCC_C1_TX_IRQHandler	8	static
stm32wbxx_it.c:309:6:IPCC_C1_RX_IRQHandler	8	static
