stm32wbxx_ll_system.h:2176:26:LL_FLASH_GetUDN	4	static
stm32wbxx_ll_system.h:2188:26:LL_FLASH_GetDeviceID	4	static
stm32wbxx_ll_system.h:2200:26:LL_FLASH_GetSTCompanyID	4	static
app_ble.c:260:6:APP_BLE_Init	64	static
app_ble.c:355:28:SVCCTL_App_Notification	112	static
app_ble.c:657:22:APP_BLE_Get_Client_Connection_Status	16	static
app_ble.c:667:6:APP_BLE_Key_Button1_Action	8	static
app_ble.c:683:6:APP_BLE_Key_Button2_Action	4	static
app_ble.c:687:6:APP_BLE_Key_Button3_Action	4	static
app_ble.c:696:13:Ble_Tl_Init	16	static
app_ble.c:707:14:Ble_Hci_Gap_Gatt_Init	88	static
app_ble.c:839:13:Scan_Request	16	static
app_ble.c:876:13:Connect_Request	48	static
app_ble.c:922:13:Switch_OFF_GPIO	8	static
app_ble.c:928:16:BleGetBdAddress	32	static
app_ble.c:976:6:hci_notify_asynch_evt	16	static
app_ble.c:982:6:hci_cmd_resp_release	16	static
app_ble.c:988:6:hci_cmd_resp_wait	16	static
app_ble.c:994:13:BLE_UserEvtRx	24	static
app_ble.c:1012:13:BLE_StatusNot	24	static
app_ble.c:1043:6:SVCCTL_ResumeUserEventFlow	8	static
